
C:\Users\WESLEY~1.FUR\AppData\Local\Temp\arduino_build_909033/Qwiic_Joystick_v23.ino.elf:     file format elf32-avr


Disassembly of section .text:

00000000 <__vectors>:
__vectors():
   0:	20 c0       	rjmp	.+64     	; 0x42 <__ctors_end>
   2:	3a c0       	rjmp	.+116    	; 0x78 <__bad_interrupt>
   4:	5e c3       	rjmp	.+1724   	; 0x6c2 <__vector_2>
   6:	38 c0       	rjmp	.+112    	; 0x78 <__bad_interrupt>
   8:	37 c0       	rjmp	.+110    	; 0x78 <__bad_interrupt>
   a:	92 c4       	rjmp	.+2340   	; 0x930 <__vector_5>
   c:	35 c0       	rjmp	.+106    	; 0x78 <__bad_interrupt>
   e:	34 c0       	rjmp	.+104    	; 0x78 <__bad_interrupt>
  10:	33 c0       	rjmp	.+102    	; 0x78 <__bad_interrupt>
  12:	32 c0       	rjmp	.+100    	; 0x78 <__bad_interrupt>
  14:	31 c0       	rjmp	.+98     	; 0x78 <__bad_interrupt>
  16:	30 c0       	rjmp	.+96     	; 0x78 <__bad_interrupt>
  18:	2f c0       	rjmp	.+94     	; 0x78 <__bad_interrupt>
  1a:	36 c2       	rjmp	.+1132   	; 0x488 <__vector_13>
  1c:	7d c2       	rjmp	.+1274   	; 0x518 <__vector_14>

0000001e <__trampolines_end>:
__trampolines_start():
  1e:	01 02       	muls	r16, r17
  20:	00 00       	nop
  22:	04 00       	.word	0x0004	; ????

00000024 <digital_pin_to_bit_mask_PGM>:
  24:	01 02 04 08 10 20                                   ..... 

0000002a <digital_pin_to_port_PGM>:
  2a:	02 02 02 02 02 02                                   ......

00000030 <port_to_input_PGM>:
  30:	00 00 00 00 36 00                                   ....6.

00000036 <port_to_output_PGM>:
  36:	00 00 00 00 38 00                                   ....8.

0000003c <port_to_mode_PGM>:
  3c:	00 00 00 00 37 00                                   ....7.

00000042 <__ctors_end>:
__dtors_end():
  42:	11 24       	eor	r1, r1
  44:	1f be       	out	0x3f, r1	; 63
  46:	cf e5       	ldi	r28, 0x5F	; 95
  48:	d2 e0       	ldi	r29, 0x02	; 2
  4a:	de bf       	out	0x3e, r29	; 62
  4c:	cd bf       	out	0x3d, r28	; 61

0000004e <__do_copy_data>:
__do_copy_data():
  4e:	10 e0       	ldi	r17, 0x00	; 0
  50:	a0 e6       	ldi	r26, 0x60	; 96
  52:	b0 e0       	ldi	r27, 0x00	; 0
  54:	ee e1       	ldi	r30, 0x1E	; 30
  56:	fa e0       	ldi	r31, 0x0A	; 10
  58:	02 c0       	rjmp	.+4      	; 0x5e <__do_copy_data+0x10>
  5a:	05 90       	lpm	r0, Z+
  5c:	0d 92       	st	X+, r0
  5e:	a8 38       	cpi	r26, 0x88	; 136
  60:	b1 07       	cpc	r27, r17
  62:	d9 f7       	brne	.-10     	; 0x5a <__do_copy_data+0xc>

00000064 <__do_clear_bss>:
__do_clear_bss():
  64:	20 e0       	ldi	r18, 0x00	; 0
  66:	a8 e8       	ldi	r26, 0x88	; 136
  68:	b0 e0       	ldi	r27, 0x00	; 0
  6a:	01 c0       	rjmp	.+2      	; 0x6e <.do_clear_bss_start>

0000006c <.do_clear_bss_loop>:
  6c:	1d 92       	st	X+, r1

0000006e <.do_clear_bss_start>:
  6e:	a4 3c       	cpi	r26, 0xC4	; 196
  70:	b2 07       	cpc	r27, r18
  72:	e1 f7       	brne	.-8      	; 0x6c <.do_clear_bss_loop>
.do_clear_bss_start():
  74:	48 d4       	rcall	.+2192   	; 0x906 <main>
  76:	d1 c4       	rjmp	.+2466   	; 0xa1a <_exit>

00000078 <__bad_interrupt>:
__vector_1():
  78:	c3 cf       	rjmp	.-122    	; 0x0 <__vectors>

0000007a <buttonInterrupt()>:
_Z15buttonInterruptv():
C:\Users\wesley.furuya\Documents\GitHub\Qwiic_Joystick\Firmware\ATtiny85 Firmware\Qwiic_Joystick_v23/interrupts.ino:17


//Called any time the pin changes state
void buttonInterrupt()
{
  if (digitalRead(Button_Pin) == LOW) //User has released the button, we have completed a click cycle
  7a:	81 e0       	ldi	r24, 0x01	; 1
  7c:	09 d4       	rcall	.+2066   	; 0x890 <digitalRead>
  7e:	89 2b       	or	r24, r25
  80:	19 f4       	brne	.+6      	; 0x88 <buttonInterrupt()+0xe>
C:\Users\wesley.furuya\Documents\GitHub\Qwiic_Joystick\Firmware\ATtiny85 Firmware\Qwiic_Joystick_v23/interrupts.ino:19
  {
    registerMap.Button_Status = 1; //Set the clicked bit
  82:	81 e0       	ldi	r24, 0x01	; 1
  84:	80 93 77 00 	sts	0x0077, r24	; 0x800077 <registerMap+0x8>
  88:	08 95       	ret

0000008a <loop>:
loop():
C:\Users\wesley.furuya\Documents\GitHub\Qwiic_Joystick\Firmware\ATtiny85 Firmware\Qwiic_Joystick_v23/Qwiic_Joystick_v23.ino:179
  Serial.println();
  delay(200);
#endif

  //Sleep until interrupt
  set_sleep_mode(SLEEP_MODE_IDLE);
  8a:	85 b7       	in	r24, 0x35	; 53
  8c:	87 7e       	andi	r24, 0xE7	; 231
  8e:	85 bf       	out	0x35, r24	; 53
C:\Users\wesley.furuya\Documents\GitHub\Qwiic_Joystick\Firmware\ATtiny85 Firmware\Qwiic_Joystick_v23/Qwiic_Joystick_v23.ino:180
  sleep_mode(); //Stop everything and go to sleep. Wake up from Button interrupts.
  90:	85 b7       	in	r24, 0x35	; 53
  92:	80 62       	ori	r24, 0x20	; 32
  94:	85 bf       	out	0x35, r24	; 53
  96:	88 95       	sleep
  98:	85 b7       	in	r24, 0x35	; 53
  9a:	8f 7d       	andi	r24, 0xDF	; 223
  9c:	85 bf       	out	0x35, r24	; 53
  9e:	08 95       	ret

000000a0 <readSystemSettings()>:
_ZNK5EERefdeEv():
C:\Users\wesley.furuya\AppData\Local\Arduino15\packages\ATTinyCore\hardware\avr\1.2.3\libraries\EEPROM/EEPROM.h:42

    EERef( const int index )
        : index( index )                 {}
    
    //Access/read members.
    uint8_t operator*() const            { return eeprom_read_byte( (uint8_t*) index ); }
  a0:	80 e0       	ldi	r24, 0x00	; 0
  a2:	90 e0       	ldi	r25, 0x00	; 0
  a4:	a4 d4       	rcall	.+2376   	; 0x9ee <eeprom_read_byte>
_Z18readSystemSettingsv():
C:\Users\wesley.furuya\Documents\GitHub\Qwiic_Joystick\Firmware\ATtiny85 Firmware\Qwiic_Joystick_v23/Qwiic_Joystick_v23.ino:216
//Reads the current system settings from EEPROM
//If anything looks weird, reset setting to default value
void readSystemSettings(void)
{
  //Read what I2C address we should use
  registerMap.i2cAddress = EEPROM.read(LOCATION_I2C_ADDRESS);
  a6:	80 93 79 00 	sts	0x0079, r24	; 0x800079 <registerMap+0xa>
C:\Users\wesley.furuya\Documents\GitHub\Qwiic_Joystick\Firmware\ATtiny85 Firmware\Qwiic_Joystick_v23/Qwiic_Joystick_v23.ino:219

  //Error check I2C address we read from EEPROM
  if (registerMap.i2cAddress < 0x08 || registerMap.i2cAddress > 0x77)
  aa:	80 91 79 00 	lds	r24, 0x0079	; 0x800079 <registerMap+0xa>
  ae:	88 30       	cpi	r24, 0x08	; 8
  b0:	20 f0       	brcs	.+8      	; 0xba <readSystemSettings()+0x1a>
C:\Users\wesley.furuya\Documents\GitHub\Qwiic_Joystick\Firmware\ATtiny85 Firmware\Qwiic_Joystick_v23/Qwiic_Joystick_v23.ino:219 (discriminator 2)
  b2:	80 91 79 00 	lds	r24, 0x0079	; 0x800079 <registerMap+0xa>
  b6:	88 37       	cpi	r24, 0x78	; 120
  b8:	40 f0       	brcs	.+16     	; 0xca <readSystemSettings()+0x2a>
C:\Users\wesley.furuya\Documents\GitHub\Qwiic_Joystick\Firmware\ATtiny85 Firmware\Qwiic_Joystick_v23/Qwiic_Joystick_v23.ino:223
  {
    //User has set the address out of range
    //Go back to defaults
    registerMap.i2cAddress = I2C_ADDRESS_DEFAULT;
  ba:	80 e2       	ldi	r24, 0x20	; 32
  bc:	80 93 79 00 	sts	0x0079, r24	; 0x800079 <registerMap+0xa>
C:\Users\wesley.furuya\Documents\GitHub\Qwiic_Joystick\Firmware\ATtiny85 Firmware\Qwiic_Joystick_v23/Qwiic_Joystick_v23.ino:224
    EEPROM.write(LOCATION_I2C_ADDRESS, registerMap.i2cAddress);
  c0:	60 91 79 00 	lds	r22, 0x0079	; 0x800079 <registerMap+0xa>
_ZN5EERefaSEh():
C:\Users\wesley.furuya\AppData\Local\Arduino15\packages\ATTinyCore\hardware\avr\1.2.3\libraries\EEPROM/EEPROM.h:47
    operator uint8_t() const       { return **this; }
    
    //Assignment/write members.
    EERef &operator=( const EERef &ref ) { return *this = *ref; }
    EERef &operator=( uint8_t in )       { return eeprom_write_byte( (uint8_t*) index, in ), *this;  }
  c4:	80 e0       	ldi	r24, 0x00	; 0
  c6:	90 e0       	ldi	r25, 0x00	; 0
  c8:	9a c4       	rjmp	.+2356   	; 0x9fe <eeprom_write_byte>
  ca:	08 95       	ret

000000cc <turnOffExtraBits()>:
_Z16turnOffExtraBitsv():
C:\Users\wesley.furuya\Documents\GitHub\Qwiic_Joystick\Firmware\ATtiny85 Firmware\Qwiic_Joystick_v23/Qwiic_Joystick_v23.ino:233

//Turn off anything we aren't going to use
void turnOffExtraBits()
{
  //Disble Brown-Out Detect
  MCUCR = bit (BODS) | bit (BODSE);
  cc:	84 e8       	ldi	r24, 0x84	; 132
  ce:	85 bf       	out	0x35, r24	; 53
C:\Users\wesley.furuya\Documents\GitHub\Qwiic_Joystick\Firmware\ATtiny85 Firmware\Qwiic_Joystick_v23/Qwiic_Joystick_v23.ino:234
  MCUCR = bit (BODS);
  d0:	80 e8       	ldi	r24, 0x80	; 128
  d2:	85 bf       	out	0x35, r24	; 53
C:\Users\wesley.furuya\Documents\GitHub\Qwiic_Joystick\Firmware\ATtiny85 Firmware\Qwiic_Joystick_v23/Qwiic_Joystick_v23.ino:238

  //Power down various bits of hardware to lower power usage
  //set_sleep_mode(SLEEP_MODE_PWR_DOWN);
  set_sleep_mode(SLEEP_MODE_IDLE);
  d4:	85 b7       	in	r24, 0x35	; 53
  d6:	87 7e       	andi	r24, 0xE7	; 231
  d8:	85 bf       	out	0x35, r24	; 53
C:\Users\wesley.furuya\Documents\GitHub\Qwiic_Joystick\Firmware\ATtiny85 Firmware\Qwiic_Joystick_v23/Qwiic_Joystick_v23.ino:239
  sleep_enable();
  da:	85 b7       	in	r24, 0x35	; 53
  dc:	80 62       	ori	r24, 0x20	; 32
  de:	85 bf       	out	0x35, r24	; 53
  e0:	08 95       	ret

000000e2 <startI2C()>:
_Z8startI2Cv():
C:\Users\wesley.furuya\Documents\GitHub\Qwiic_Joystick\Firmware\ATtiny85 Firmware\Qwiic_Joystick_v23/Qwiic_Joystick_v23.ino:246


//Begin listening on I2C bus as I2C slave using the global variable setting_i2c_address
void startI2C()
{
  Wire.end(); //Before we can change addresses we need to stop
  e2:	89 e8       	ldi	r24, 0x89	; 137
  e4:	90 e0       	ldi	r25, 0x00	; 0
  e6:	f7 d0       	rcall	.+494    	; 0x2d6 <TwoWire::end()>
C:\Users\wesley.furuya\Documents\GitHub\Qwiic_Joystick\Firmware\ATtiny85 Firmware\Qwiic_Joystick_v23/Qwiic_Joystick_v23.ino:248

  Wire.begin(registerMap.i2cAddress); //Start I2C and answer calls using address from EEPROM
  e8:	60 91 79 00 	lds	r22, 0x0079	; 0x800079 <registerMap+0xa>
  ec:	89 e8       	ldi	r24, 0x89	; 137
  ee:	90 e0       	ldi	r25, 0x00	; 0
  f0:	f0 d0       	rcall	.+480    	; 0x2d2 <TwoWire::begin(unsigned char)>
C:\Users\wesley.furuya\Documents\GitHub\Qwiic_Joystick\Firmware\ATtiny85 Firmware\Qwiic_Joystick_v23/Qwiic_Joystick_v23.ino:251

  //The connections to the interrupts are severed when a Wire.begin occurs. So re-declare them.
  Wire.onReceive(receiveEvent);
  f2:	63 ea       	ldi	r22, 0xA3	; 163
  f4:	70 e0       	ldi	r23, 0x00	; 0
  f6:	89 e8       	ldi	r24, 0x89	; 137
  f8:	90 e0       	ldi	r25, 0x00	; 0
  fa:	5f d1       	rcall	.+702    	; 0x3ba <TwoWire::onReceive(void (*)(int))>
C:\Users\wesley.furuya\Documents\GitHub\Qwiic_Joystick\Firmware\ATtiny85 Firmware\Qwiic_Joystick_v23/Qwiic_Joystick_v23.ino:252
  Wire.onRequest(requestEvent);
  fc:	63 e5       	ldi	r22, 0x53	; 83
  fe:	71 e0       	ldi	r23, 0x01	; 1
 100:	89 e8       	ldi	r24, 0x89	; 137
 102:	90 e0       	ldi	r25, 0x00	; 0
 104:	5f c1       	rjmp	.+702    	; 0x3c4 <TwoWire::onRequest(void (*)())>

00000106 <recordSystemSettings()>:
_Z20recordSystemSettingsv():
C:\Users\wesley.furuya\Documents\GitHub\Qwiic_Joystick\Firmware\ATtiny85 Firmware\Qwiic_Joystick_v23/Qwiic_Joystick_v23.ino:190
{
  //I2C address is byte
  byte i2cAddr;

  //Error check the current I2C address
  if (registerMap.i2cAddress < 0x08 || registerMap.i2cAddress > 0x77)
 106:	80 91 79 00 	lds	r24, 0x0079	; 0x800079 <registerMap+0xa>
 10a:	88 30       	cpi	r24, 0x08	; 8
 10c:	b8 f0       	brcs	.+46     	; 0x13c <recordSystemSettings()+0x36>
C:\Users\wesley.furuya\Documents\GitHub\Qwiic_Joystick\Firmware\ATtiny85 Firmware\Qwiic_Joystick_v23/Qwiic_Joystick_v23.ino:190 (discriminator 2)
 10e:	80 91 79 00 	lds	r24, 0x0079	; 0x800079 <registerMap+0xa>
 112:	88 37       	cpi	r24, 0x78	; 120
 114:	98 f4       	brcc	.+38     	; 0x13c <recordSystemSettings()+0x36>
_ZNK5EERefdeEv():
C:\Users\wesley.furuya\AppData\Local\Arduino15\packages\ATTinyCore\hardware\avr\1.2.3\libraries\EEPROM/EEPROM.h:42

    EERef( const int index )
        : index( index )                 {}
    
    //Access/read members.
    uint8_t operator*() const            { return eeprom_read_byte( (uint8_t*) index ); }
 116:	80 e0       	ldi	r24, 0x00	; 0
 118:	90 e0       	ldi	r25, 0x00	; 0
 11a:	69 d4       	rcall	.+2258   	; 0x9ee <eeprom_read_byte>
_Z20recordSystemSettingsv():
C:\Users\wesley.furuya\Documents\GitHub\Qwiic_Joystick\Firmware\ATtiny85 Firmware\Qwiic_Joystick_v23/Qwiic_Joystick_v23.ino:199
    registerMap.i2cAddress = I2C_ADDRESS_DEFAULT;
  }

  //Read the value currently in EEPROM. If it's different from the memory map then record the memory map value to EEPROM.
  EEPROM.get(LOCATION_I2C_ADDRESS, i2cAddr);
  if (i2cAddr != registerMap.i2cAddress && registerMap.i2cLock == 0x13)
 11c:	90 91 79 00 	lds	r25, 0x0079	; 0x800079 <registerMap+0xa>
 120:	89 17       	cp	r24, r25
 122:	81 f0       	breq	.+32     	; 0x144 <recordSystemSettings()+0x3e>
C:\Users\wesley.furuya\Documents\GitHub\Qwiic_Joystick\Firmware\ATtiny85 Firmware\Qwiic_Joystick_v23/Qwiic_Joystick_v23.ino:199 (discriminator 1)
 124:	80 91 78 00 	lds	r24, 0x0078	; 0x800078 <registerMap+0x9>
 128:	83 31       	cpi	r24, 0x13	; 19
 12a:	61 f4       	brne	.+24     	; 0x144 <recordSystemSettings()+0x3e>
C:\Users\wesley.furuya\Documents\GitHub\Qwiic_Joystick\Firmware\ATtiny85 Firmware\Qwiic_Joystick_v23/Qwiic_Joystick_v23.ino:202
  {    
    //Serial.print(registerMap.i2cLock, HEX);
    registerMap.i2cLock = 0x00;
 12c:	10 92 78 00 	sts	0x0078, r1	; 0x800078 <registerMap+0x9>
C:\Users\wesley.furuya\Documents\GitHub\Qwiic_Joystick\Firmware\ATtiny85 Firmware\Qwiic_Joystick_v23/Qwiic_Joystick_v23.ino:204
    //Serial.println(registerMap.i2cLock, HEX);
    EEPROM.write(LOCATION_I2C_ADDRESS, registerMap.i2cAddress);
 130:	60 91 79 00 	lds	r22, 0x0079	; 0x800079 <registerMap+0xa>
_ZN5EERefaSEh():
C:\Users\wesley.furuya\AppData\Local\Arduino15\packages\ATTinyCore\hardware\avr\1.2.3\libraries\EEPROM/EEPROM.h:47
    operator uint8_t() const       { return **this; }
    
    //Assignment/write members.
    EERef &operator=( const EERef &ref ) { return *this = *ref; }
    EERef &operator=( uint8_t in )       { return eeprom_write_byte( (uint8_t*) index, in ), *this;  }
 134:	80 e0       	ldi	r24, 0x00	; 0
 136:	90 e0       	ldi	r25, 0x00	; 0
 138:	62 d4       	rcall	.+2244   	; 0x9fe <eeprom_write_byte>
_Z20recordSystemSettingsv():
C:\Users\wesley.furuya\Documents\GitHub\Qwiic_Joystick\Firmware\ATtiny85 Firmware\Qwiic_Joystick_v23/Qwiic_Joystick_v23.ino:205
    startI2C(); //Determine the I2C address we should be using and begin listening on I2C bus
 13a:	d3 cf       	rjmp	.-90     	; 0xe2 <startI2C()>
C:\Users\wesley.furuya\Documents\GitHub\Qwiic_Joystick\Firmware\ATtiny85 Firmware\Qwiic_Joystick_v23/Qwiic_Joystick_v23.ino:194
  //Error check the current I2C address
  if (registerMap.i2cAddress < 0x08 || registerMap.i2cAddress > 0x77)
  {
    //User has set the address out of range
    //Go back to defaults
    registerMap.i2cAddress = I2C_ADDRESS_DEFAULT;
 13c:	80 e2       	ldi	r24, 0x20	; 32
 13e:	80 93 79 00 	sts	0x0079, r24	; 0x800079 <registerMap+0xa>
 142:	e9 cf       	rjmp	.-46     	; 0x116 <recordSystemSettings()+0x10>
 144:	08 95       	ret

00000146 <receiveEvent(int)>:
_Z12receiveEventi():
C:\Users\wesley.furuya\Documents\GitHub\Qwiic_Joystick\Firmware\ATtiny85 Firmware\Qwiic_Joystick_v23/interrupts.ino:65


//When Qwiic Joystick receives data bytes from Master, this function is called as an interrupt
//(Serves rewritable I2C address)
void receiveEvent(int numberOfBytesReceived)
{
 146:	ff 92       	push	r15
 148:	0f 93       	push	r16
 14a:	1f 93       	push	r17
 14c:	cf 93       	push	r28
 14e:	df 93       	push	r29
 150:	8c 01       	movw	r16, r24
C:\Users\wesley.furuya\Documents\GitHub\Qwiic_Joystick\Firmware\ATtiny85 Firmware\Qwiic_Joystick_v23/interrupts.ino:66
  registerNumber = Wire.read(); //Get the memory map offset from the user
 152:	89 e8       	ldi	r24, 0x89	; 137
 154:	90 e0       	ldi	r25, 0x00	; 0
 156:	16 d1       	rcall	.+556    	; 0x384 <TwoWire::read()>
 158:	80 93 88 00 	sts	0x0088, r24	; 0x800088 <__data_end>
C:\Users\wesley.furuya\Documents\GitHub\Qwiic_Joystick\Firmware\ATtiny85 Firmware\Qwiic_Joystick_v23/interrupts.ino:72

  

  //Begin recording the following incoming bytes to the temp memory map
  //starting at the registerNumber (the first byte received)
  for (byte x = 0 ; x < numberOfBytesReceived - 1 ; x++)
 15c:	f1 2c       	mov	r15, r1
 15e:	01 50       	subi	r16, 0x01	; 1
 160:	11 09       	sbc	r17, r1
C:\Users\wesley.furuya\Documents\GitHub\Qwiic_Joystick\Firmware\ATtiny85 Firmware\Qwiic_Joystick_v23/interrupts.ino:72 (discriminator 1)
 162:	cf 2d       	mov	r28, r15
 164:	d0 e0       	ldi	r29, 0x00	; 0
 166:	c0 17       	cp	r28, r16
 168:	d1 07       	cpc	r29, r17
 16a:	0c f0       	brlt	.+2      	; 0x16e <receiveEvent(int)+0x28>
 16c:	45 c0       	rjmp	.+138    	; 0x1f8 <receiveEvent(int)+0xb2>
C:\Users\wesley.furuya\Documents\GitHub\Qwiic_Joystick\Firmware\ATtiny85 Firmware\Qwiic_Joystick_v23/interrupts.ino:74
  {
    byte temp = Wire.read(); //We might record it, we might throw it away
 16e:	89 e8       	ldi	r24, 0x89	; 137
 170:	90 e0       	ldi	r25, 0x00	; 0
 172:	08 d1       	rcall	.+528    	; 0x384 <TwoWire::read()>
C:\Users\wesley.furuya\Documents\GitHub\Qwiic_Joystick\Firmware\ATtiny85 Firmware\Qwiic_Joystick_v23/interrupts.ino:76

    if ( (x + registerNumber) < sizeof(memoryMap))
 174:	90 91 88 00 	lds	r25, 0x0088	; 0x800088 <__data_end>
 178:	9e 01       	movw	r18, r28
 17a:	29 0f       	add	r18, r25
 17c:	31 1d       	adc	r19, r1
 17e:	2b 30       	cpi	r18, 0x0B	; 11
 180:	31 05       	cpc	r19, r1
 182:	c0 f5       	brcc	.+112    	; 0x1f4 <receiveEvent(int)+0xae>
C:\Users\wesley.furuya\Documents\GitHub\Qwiic_Joystick\Firmware\ATtiny85 Firmware\Qwiic_Joystick_v23/interrupts.ino:80
    {
      //Clense the incoming byte against the read only protected bits
      //Store the result into the register map
      *(registerPointer + registerNumber + x) &= ~*(protectionPointer + registerNumber + x); //Clear this register if needed
 184:	90 91 88 00 	lds	r25, 0x0088	; 0x800088 <__data_end>
 188:	20 91 88 00 	lds	r18, 0x0088	; 0x800088 <__data_end>
 18c:	ae 01       	movw	r20, r28
 18e:	42 0f       	add	r20, r18
 190:	51 1d       	adc	r21, r1
 192:	e0 91 62 00 	lds	r30, 0x0062	; 0x800062 <registerPointer>
 196:	f0 91 63 00 	lds	r31, 0x0063	; 0x800063 <registerPointer+0x1>
 19a:	e4 0f       	add	r30, r20
 19c:	f5 1f       	adc	r31, r21
 19e:	a0 91 60 00 	lds	r26, 0x0060	; 0x800060 <__data_start>
 1a2:	b0 91 61 00 	lds	r27, 0x0061	; 0x800061 <__data_start+0x1>
 1a6:	ac 0f       	add	r26, r28
 1a8:	bd 1f       	adc	r27, r29
 1aa:	a9 0f       	add	r26, r25
 1ac:	b1 1d       	adc	r27, r1
 1ae:	2c 91       	ld	r18, X
 1b0:	30 e0       	ldi	r19, 0x00	; 0
 1b2:	20 95       	com	r18
 1b4:	30 95       	com	r19
 1b6:	40 81       	ld	r20, Z
 1b8:	50 e0       	ldi	r21, 0x00	; 0
 1ba:	24 23       	and	r18, r20
 1bc:	35 23       	and	r19, r21
 1be:	20 83       	st	Z, r18
C:\Users\wesley.furuya\Documents\GitHub\Qwiic_Joystick\Firmware\ATtiny85 Firmware\Qwiic_Joystick_v23/interrupts.ino:81
      *(registerPointer + registerNumber + x) |= temp & *(protectionPointer + registerNumber + x); //Or in the user's request (clensed against protection bits)
 1c0:	90 91 88 00 	lds	r25, 0x0088	; 0x800088 <__data_end>
 1c4:	20 91 88 00 	lds	r18, 0x0088	; 0x800088 <__data_end>
 1c8:	ae 01       	movw	r20, r28
 1ca:	42 0f       	add	r20, r18
 1cc:	51 1d       	adc	r21, r1
 1ce:	e0 91 62 00 	lds	r30, 0x0062	; 0x800062 <registerPointer>
 1d2:	f0 91 63 00 	lds	r31, 0x0063	; 0x800063 <registerPointer+0x1>
 1d6:	e4 0f       	add	r30, r20
 1d8:	f5 1f       	adc	r31, r21
 1da:	20 91 60 00 	lds	r18, 0x0060	; 0x800060 <__data_start>
 1de:	30 91 61 00 	lds	r19, 0x0061	; 0x800061 <__data_start+0x1>
 1e2:	c2 0f       	add	r28, r18
 1e4:	d3 1f       	adc	r29, r19
 1e6:	c9 0f       	add	r28, r25
 1e8:	d1 1d       	adc	r29, r1
 1ea:	98 81       	ld	r25, Y
 1ec:	89 23       	and	r24, r25
 1ee:	90 81       	ld	r25, Z
 1f0:	98 2b       	or	r25, r24
 1f2:	90 83       	st	Z, r25
C:\Users\wesley.furuya\Documents\GitHub\Qwiic_Joystick\Firmware\ATtiny85 Firmware\Qwiic_Joystick_v23/interrupts.ino:72 (discriminator 2)

  

  //Begin recording the following incoming bytes to the temp memory map
  //starting at the registerNumber (the first byte received)
  for (byte x = 0 ; x < numberOfBytesReceived - 1 ; x++)
 1f4:	f3 94       	inc	r15
 1f6:	b5 cf       	rjmp	.-150    	; 0x162 <receiveEvent(int)+0x1c>
C:\Users\wesley.furuya\Documents\GitHub\Qwiic_Joystick\Firmware\ATtiny85 Firmware\Qwiic_Joystick_v23/interrupts.ino:86
      *(registerPointer + registerNumber + x) |= temp & *(protectionPointer + registerNumber + x); //Or in the user's request (clensed against protection bits)
    }
  }

  recordSystemSettings();
}
 1f8:	df 91       	pop	r29
 1fa:	cf 91       	pop	r28
 1fc:	1f 91       	pop	r17
 1fe:	0f 91       	pop	r16
 200:	ff 90       	pop	r15
C:\Users\wesley.furuya\Documents\GitHub\Qwiic_Joystick\Firmware\ATtiny85 Firmware\Qwiic_Joystick_v23/interrupts.ino:85
      *(registerPointer + registerNumber + x) &= ~*(protectionPointer + registerNumber + x); //Clear this register if needed
      *(registerPointer + registerNumber + x) |= temp & *(protectionPointer + registerNumber + x); //Or in the user's request (clensed against protection bits)
    }
  }

  recordSystemSettings();
 202:	81 cf       	rjmp	.-254    	; 0x106 <recordSystemSettings()>

00000204 <setupInterrupts()>:
_Z15setupInterruptsv():
C:\Users\wesley.furuya\Documents\Arduino\libraries\PinChangeInterrupt-master\src/PinChangeInterrupt.h:434
		if (pcintNum == 0)
			callbackPCINT0 = userFunc;
#endif
#if (PCINT_USE_PCINT1 == true)
		if (pcintNum == 1)
			callbackPCINT1 = userFunc;
 204:	8d e3       	ldi	r24, 0x3D	; 61
 206:	90 e0       	ldi	r25, 0x00	; 0
 208:	90 93 85 00 	sts	0x0085, r25	; 0x800085 <callbackPCINT1+0x1>
 20c:	80 93 84 00 	sts	0x0084, r24	; 0x800084 <callbackPCINT1>
C:\Users\wesley.furuya\Documents\Arduino\libraries\PinChangeInterrupt-master\src/PinChangeInterrupt.h:600
	uint8_t pcintMask = (1 << pcintBit);
	uint8_t arrayPos = getArrayPosPCINT(pcintPort);

	// save settings related to mode and registers
	if (mode == CHANGE || mode == RISING)
		risingPorts[arrayPos] |= pcintMask;
 210:	80 91 97 00 	lds	r24, 0x0097	; 0x800097 <risingPorts>
 214:	82 60       	ori	r24, 0x02	; 2
 216:	80 93 97 00 	sts	0x0097, r24	; 0x800097 <risingPorts>
C:\Users\wesley.furuya\Documents\Arduino\libraries\PinChangeInterrupt-master\src/PinChangeInterrupt.h:602
	if (mode == CHANGE || mode == FALLING)
		fallingPorts[arrayPos] |= pcintMask;
 21a:	80 91 98 00 	lds	r24, 0x0098	; 0x800098 <fallingPorts>
 21e:	82 60       	ori	r24, 0x02	; 2
 220:	80 93 98 00 	sts	0x0098, r24	; 0x800098 <fallingPorts>
C:\Users\wesley.furuya\Documents\Arduino\libraries\PinChangeInterrupt-master\src/PinChangeInterrupt.h:605

	// call the actual hardware attach function
	enablePinChangeInterruptHelper(pcintPort, pcintMask, arrayPos);
 224:	40 e0       	ldi	r20, 0x00	; 0
 226:	62 e0       	ldi	r22, 0x02	; 2
 228:	80 e0       	ldi	r24, 0x00	; 0
 22a:	89 c2       	rjmp	.+1298   	; 0x73e <enablePinChangeInterruptHelper(unsigned char, unsigned char, unsigned char)>

0000022c <setup>:
setup():
C:\Users\wesley.furuya\Documents\GitHub\Qwiic_Joystick\Firmware\ATtiny85 Firmware\Qwiic_Joystick_v23/Qwiic_Joystick_v23.ino:110


void setup(void)
{
  //Pin Definitions
  pinMode(Button_Pin, INPUT_PULLUP);
 22c:	62 e0       	ldi	r22, 0x02	; 2
 22e:	81 e0       	ldi	r24, 0x01	; 1
 230:	e0 d2       	rcall	.+1472   	; 0x7f2 <pinMode>
C:\Users\wesley.furuya\Documents\GitHub\Qwiic_Joystick\Firmware\ATtiny85 Firmware\Qwiic_Joystick_v23/Qwiic_Joystick_v23.ino:111
  pinMode(Vertical_Pin, INPUT); //No pull-up. External 10k
 232:	60 e0       	ldi	r22, 0x00	; 0
 234:	83 e0       	ldi	r24, 0x03	; 3
 236:	dd d2       	rcall	.+1466   	; 0x7f2 <pinMode>
C:\Users\wesley.furuya\Documents\GitHub\Qwiic_Joystick\Firmware\ATtiny85 Firmware\Qwiic_Joystick_v23/Qwiic_Joystick_v23.ino:112
  pinMode(Horizontal_Pin, INPUT); //No pull-up. External 10k
 238:	60 e0       	ldi	r22, 0x00	; 0
 23a:	82 e0       	ldi	r24, 0x02	; 2
 23c:	da d2       	rcall	.+1460   	; 0x7f2 <pinMode>
C:\Users\wesley.furuya\Documents\GitHub\Qwiic_Joystick\Firmware\ATtiny85 Firmware\Qwiic_Joystick_v23/Qwiic_Joystick_v23.ino:114

  turnOffExtraBits(); //Turn off all unused peripherals
 23e:	46 df       	rcall	.-372    	; 0xcc <turnOffExtraBits()>
C:\Users\wesley.furuya\Documents\GitHub\Qwiic_Joystick\Firmware\ATtiny85 Firmware\Qwiic_Joystick_v23/Qwiic_Joystick_v23.ino:115
  readSystemSettings(); //Load all system settings from EEPROM
 240:	2f df       	rcall	.-418    	; 0xa0 <readSystemSettings()>
C:\Users\wesley.furuya\Documents\GitHub\Qwiic_Joystick\Firmware\ATtiny85 Firmware\Qwiic_Joystick_v23/Qwiic_Joystick_v23.ino:116
  setupInterrupts(); //Enable pin change interrupts for I2C and button
 242:	e0 df       	rcall	.-64     	; 0x204 <setupInterrupts()>
C:\Users\wesley.furuya\Documents\GitHub\Qwiic_Joystick\Firmware\ATtiny85 Firmware\Qwiic_Joystick_v23/Qwiic_Joystick_v23.ino:117
  startI2C(); //Determine the I2C address we should be using and begin listening on I2C bus
 244:	4e cf       	rjmp	.-356    	; 0xe2 <startI2C()>

00000246 <updateJoystick()>:
_Z14updateJoystickv():
C:\Users\wesley.furuya\Documents\GitHub\Qwiic_Joystick\Firmware\ATtiny85 Firmware\Qwiic_Joystick_v23/interrupts.ino:25
  }
}


//Called every time the joystick is moved
void updateJoystick() {
 246:	0f 93       	push	r16
 248:	1f 93       	push	r17
 24a:	cf 93       	push	r28
 24c:	df 93       	push	r29
 24e:	00 d0       	rcall	.+0      	; 0x250 <updateJoystick()+0xa>
 250:	00 d0       	rcall	.+0      	; 0x252 <updateJoystick()+0xc>
 252:	cd b7       	in	r28, 0x3d	; 61
 254:	de b7       	in	r29, 0x3e	; 62
C:\Users\wesley.furuya\Documents\GitHub\Qwiic_Joystick\Firmware\ATtiny85 Firmware\Qwiic_Joystick_v23/interrupts.ino:27
  //Bring up ADC
  ADCSRA |= (1 << ADEN);
 256:	37 9a       	sbi	0x06, 7	; 6
C:\Users\wesley.furuya\Documents\GitHub\Qwiic_Joystick\Firmware\ATtiny85 Firmware\Qwiic_Joystick_v23/interrupts.ino:29

  int X_Pot = analogRead(Horizontal_Pin);
 258:	82 e0       	ldi	r24, 0x02	; 2
 25a:	89 d2       	rcall	.+1298   	; 0x76e <analogRead>
 25c:	8c 01       	movw	r16, r24
C:\Users\wesley.furuya\Documents\GitHub\Qwiic_Joystick\Firmware\ATtiny85 Firmware\Qwiic_Joystick_v23/interrupts.ino:30
  int Y_Pot = analogRead(Vertical_Pin);
 25e:	83 e0       	ldi	r24, 0x03	; 3
 260:	86 d2       	rcall	.+1292   	; 0x76e <analogRead>
C:\Users\wesley.furuya\Documents\GitHub\Qwiic_Joystick\Firmware\ATtiny85 Firmware\Qwiic_Joystick_v23/interrupts.ino:37
  //Convert int value to a 16-bit integer by bitshitting it left by 6.
  //Example-
  //DEC:           630
  //BIN:           1001110110
  //Bitshift by 6: 1001110110000000
  uint16_t X_unit16 = X_Pot<<6;
 262:	26 e0       	ldi	r18, 0x06	; 6
 264:	00 0f       	add	r16, r16
 266:	11 1f       	adc	r17, r17
 268:	2a 95       	dec	r18
 26a:	e1 f7       	brne	.-8      	; 0x264 <__stack+0x5>
 26c:	1c 83       	std	Y+4, r17	; 0x04
 26e:	0b 83       	std	Y+3, r16	; 0x03
C:\Users\wesley.furuya\Documents\GitHub\Qwiic_Joystick\Firmware\ATtiny85 Firmware\Qwiic_Joystick_v23/interrupts.ino:38
  uint16_t Y_unit16 = Y_Pot<<6;
 270:	36 e0       	ldi	r19, 0x06	; 6
 272:	88 0f       	add	r24, r24
 274:	99 1f       	adc	r25, r25
 276:	3a 95       	dec	r19
 278:	e1 f7       	brne	.-8      	; 0x272 <__stack+0x13>
 27a:	9a 83       	std	Y+2, r25	; 0x02
 27c:	89 83       	std	Y+1, r24	; 0x01
C:\Users\wesley.furuya\Documents\GitHub\Qwiic_Joystick\Firmware\ATtiny85 Firmware\Qwiic_Joystick_v23/interrupts.ino:50
  //Split:          10011101 | 10000000

  byte * bytePointer;

  bytePointer = (byte*)&X_unit16;
  registerMap.X_MSB = bytePointer[1];
 27e:	8c 81       	ldd	r24, Y+4	; 0x04
 280:	ef e6       	ldi	r30, 0x6F	; 111
 282:	f0 e0       	ldi	r31, 0x00	; 0
 284:	83 83       	std	Z+3, r24	; 0x03
C:\Users\wesley.furuya\Documents\GitHub\Qwiic_Joystick\Firmware\ATtiny85 Firmware\Qwiic_Joystick_v23/interrupts.ino:51
  registerMap.X_LSB = bytePointer[0];
 286:	8b 81       	ldd	r24, Y+3	; 0x03
 288:	84 83       	std	Z+4, r24	; 0x04
C:\Users\wesley.furuya\Documents\GitHub\Qwiic_Joystick\Firmware\ATtiny85 Firmware\Qwiic_Joystick_v23/interrupts.ino:54
  
  bytePointer = (byte*)&Y_unit16;
  registerMap.Y_MSB = bytePointer[1];
 28a:	8a 81       	ldd	r24, Y+2	; 0x02
 28c:	85 83       	std	Z+5, r24	; 0x05
C:\Users\wesley.furuya\Documents\GitHub\Qwiic_Joystick\Firmware\ATtiny85 Firmware\Qwiic_Joystick_v23/interrupts.ino:55
  registerMap.Y_LSB = bytePointer[0];
 28e:	89 81       	ldd	r24, Y+1	; 0x01
 290:	86 83       	std	Z+6, r24	; 0x06
C:\Users\wesley.furuya\Documents\GitHub\Qwiic_Joystick\Firmware\ATtiny85 Firmware\Qwiic_Joystick_v23/interrupts.ino:58

  //Shut off ADC
  ADCSRA &= ~(1 << ADEN);
 292:	37 98       	cbi	0x06, 7	; 6
C:\Users\wesley.furuya\Documents\GitHub\Qwiic_Joystick\Firmware\ATtiny85 Firmware\Qwiic_Joystick_v23/interrupts.ino:59
}
 294:	0f 90       	pop	r0
 296:	0f 90       	pop	r0
 298:	0f 90       	pop	r0
 29a:	0f 90       	pop	r0
 29c:	df 91       	pop	r29
 29e:	cf 91       	pop	r28
 2a0:	1f 91       	pop	r17
 2a2:	0f 91       	pop	r16
 2a4:	08 95       	ret

000002a6 <requestEvent()>:
_Z12requestEventv():
C:\Users\wesley.furuya\Documents\GitHub\Qwiic_Joystick\Firmware\ATtiny85 Firmware\Qwiic_Joystick_v23/interrupts.ino:95
//When Qwiic Joystick gets a request for data from the user, this function is called as an interrupt
//The interrupt will respond with bytes starting from the last byte the user sent to us
//While we are sending bytes we may have to do some calculations
void requestEvent()
{
  updateJoystick();
 2a6:	cf df       	rcall	.-98     	; 0x246 <updateJoystick()>
C:\Users\wesley.furuya\Documents\GitHub\Qwiic_Joystick\Firmware\ATtiny85 Firmware\Qwiic_Joystick_v23/interrupts.ino:96
  registerMap.Button_State = digitalRead(Button_Pin);
 2a8:	81 e0       	ldi	r24, 0x01	; 1
 2aa:	f2 d2       	rcall	.+1508   	; 0x890 <digitalRead>
 2ac:	80 93 76 00 	sts	0x0076, r24	; 0x800076 <registerMap+0x7>
C:\Users\wesley.furuya\Documents\GitHub\Qwiic_Joystick\Firmware\ATtiny85 Firmware\Qwiic_Joystick_v23/interrupts.ino:101

  //This will write the entire contents of the register map struct starting from
  //the register the user requested, and when it reaches the end the master
  //will read 0xFFs.
  Wire.write((registerPointer + registerNumber), sizeof(memoryMap) - registerNumber);
 2b0:	90 91 88 00 	lds	r25, 0x0088	; 0x800088 <__data_end>
 2b4:	80 91 88 00 	lds	r24, 0x0088	; 0x800088 <__data_end>
 2b8:	4b e0       	ldi	r20, 0x0B	; 11
 2ba:	50 e0       	ldi	r21, 0x00	; 0
 2bc:	49 1b       	sub	r20, r25
 2be:	51 09       	sbc	r21, r1
 2c0:	60 91 62 00 	lds	r22, 0x0062	; 0x800062 <registerPointer>
 2c4:	70 91 63 00 	lds	r23, 0x0063	; 0x800063 <registerPointer+0x1>
 2c8:	68 0f       	add	r22, r24
 2ca:	71 1d       	adc	r23, r1
 2cc:	89 e8       	ldi	r24, 0x89	; 137
 2ce:	90 e0       	ldi	r25, 0x00	; 0
 2d0:	2a c0       	rjmp	.+84     	; 0x326 <TwoWire::write(unsigned char const*, unsigned int)>

000002d2 <TwoWire::begin(unsigned char)>:
_ZN7TwoWire5beginEh():
C:\Users\wesley.furuya\AppData\Local\Arduino15\packages\ATTinyCore\hardware\avr\1.2.3\libraries\Wire\src/Wire.cpp:585
  }

  return value;
}

void TwoWire::flush(void) {
 2d2:	86 2f       	mov	r24, r22
 2d4:	85 c0       	rjmp	.+266    	; 0x3e0 <USI_TWI_Slave_Initialise>

000002d6 <TwoWire::end()>:
_ZN7TwoWire3endEv():
 2d6:	a2 c0       	rjmp	.+324    	; 0x41c <USI_TWI_Slave_Disable>

000002d8 <TwoWire::write(unsigned char)>:
_ZN7TwoWire5writeEh():
 2d8:	cf 93       	push	r28
 2da:	80 91 8a 00 	lds	r24, 0x008A	; 0x80008a <TwoWire::transmitting>
 2de:	88 23       	and	r24, r24
 2e0:	c1 f0       	breq	.+48     	; 0x312 <TwoWire::write(unsigned char)+0x3a>
 2e2:	80 91 8b 00 	lds	r24, 0x008B	; 0x80008b <TwoWire::BufferLength>
 2e6:	80 32       	cpi	r24, 0x20	; 32
 2e8:	18 f0       	brcs	.+6      	; 0x2f0 <TwoWire::write(unsigned char)+0x18>
 2ea:	80 e0       	ldi	r24, 0x00	; 0
 2ec:	90 e0       	ldi	r25, 0x00	; 0
 2ee:	19 c0       	rjmp	.+50     	; 0x322 <TwoWire::write(unsigned char)+0x4a>
 2f0:	80 91 8c 00 	lds	r24, 0x008C	; 0x80008c <TwoWire::BufferIndex>
 2f4:	e0 91 7a 00 	lds	r30, 0x007A	; 0x80007a <TwoWire::Buffer>
 2f8:	f0 91 7b 00 	lds	r31, 0x007B	; 0x80007b <TwoWire::Buffer+0x1>
 2fc:	e8 0f       	add	r30, r24
 2fe:	f1 1d       	adc	r31, r1
 300:	60 83       	st	Z, r22
 302:	80 91 8c 00 	lds	r24, 0x008C	; 0x80008c <TwoWire::BufferIndex>
 306:	8f 5f       	subi	r24, 0xFF	; 255
 308:	80 93 8c 00 	sts	0x008C, r24	; 0x80008c <TwoWire::BufferIndex>
 30c:	80 93 8b 00 	sts	0x008B, r24	; 0x80008b <TwoWire::BufferLength>
 310:	06 c0       	rjmp	.+12     	; 0x31e <TwoWire::write(unsigned char)+0x46>
 312:	c6 2f       	mov	r28, r22
 314:	b1 d0       	rcall	.+354    	; 0x478 <USI_TWI_Space_In_Transmission_Buffer>
 316:	88 23       	and	r24, r24
 318:	41 f3       	breq	.-48     	; 0x2ea <TwoWire::write(unsigned char)+0x12>
 31a:	8c 2f       	mov	r24, r28
 31c:	85 d0       	rcall	.+266    	; 0x428 <USI_TWI_Transmit_Byte>
 31e:	81 e0       	ldi	r24, 0x01	; 1
 320:	90 e0       	ldi	r25, 0x00	; 0
 322:	cf 91       	pop	r28
 324:	08 95       	ret

00000326 <TwoWire::write(unsigned char const*, unsigned int)>:
_ZN7TwoWire5writeEPKhj():
 326:	cf 92       	push	r12
 328:	df 92       	push	r13
 32a:	ef 92       	push	r14
 32c:	ff 92       	push	r15
 32e:	0f 93       	push	r16
 330:	1f 93       	push	r17
 332:	cf 93       	push	r28
 334:	df 93       	push	r29
 336:	6c 01       	movw	r12, r24
 338:	eb 01       	movw	r28, r22
 33a:	7b 01       	movw	r14, r22
 33c:	e4 0e       	add	r14, r20
 33e:	f5 1e       	adc	r15, r21
 340:	00 e0       	ldi	r16, 0x00	; 0
 342:	10 e0       	ldi	r17, 0x00	; 0
 344:	ce 15       	cp	r28, r14
 346:	df 05       	cpc	r29, r15
 348:	31 f0       	breq	.+12     	; 0x356 <TwoWire::write(unsigned char const*, unsigned int)+0x30>
 34a:	69 91       	ld	r22, Y+
 34c:	c6 01       	movw	r24, r12
 34e:	c4 df       	rcall	.-120    	; 0x2d8 <TwoWire::write(unsigned char)>
 350:	08 0f       	add	r16, r24
 352:	19 1f       	adc	r17, r25
 354:	f7 cf       	rjmp	.-18     	; 0x344 <TwoWire::write(unsigned char const*, unsigned int)+0x1e>
 356:	c8 01       	movw	r24, r16
 358:	df 91       	pop	r29
 35a:	cf 91       	pop	r28
 35c:	1f 91       	pop	r17
 35e:	0f 91       	pop	r16
 360:	ff 90       	pop	r15
 362:	ef 90       	pop	r14
 364:	df 90       	pop	r13
 366:	cf 90       	pop	r12
 368:	08 95       	ret

0000036a <TwoWire::available()>:
_ZN7TwoWire9availableEv():
 36a:	80 91 8b 00 	lds	r24, 0x008B	; 0x80008b <TwoWire::BufferLength>
 36e:	88 23       	and	r24, r24
 370:	31 f0       	breq	.+12     	; 0x37e <TwoWire::available()+0x14>
 372:	90 e0       	ldi	r25, 0x00	; 0
 374:	20 91 8c 00 	lds	r18, 0x008C	; 0x80008c <TwoWire::BufferIndex>
 378:	82 1b       	sub	r24, r18
 37a:	91 09       	sbc	r25, r1
 37c:	08 95       	ret
 37e:	75 d0       	rcall	.+234    	; 0x46a <USI_TWI_Data_In_Receive_Buffer>
 380:	90 e0       	ldi	r25, 0x00	; 0
 382:	08 95       	ret

00000384 <TwoWire::read()>:
_ZN7TwoWire4readEv():
 384:	f2 df       	rcall	.-28     	; 0x36a <TwoWire::available()>
 386:	89 2b       	or	r24, r25
 388:	a9 f0       	breq	.+42     	; 0x3b4 <TwoWire::read()+0x30>
 38a:	80 91 8b 00 	lds	r24, 0x008B	; 0x80008b <TwoWire::BufferLength>
 38e:	88 23       	and	r24, r24
 390:	71 f0       	breq	.+28     	; 0x3ae <TwoWire::read()+0x2a>
 392:	20 91 8c 00 	lds	r18, 0x008C	; 0x80008c <TwoWire::BufferIndex>
 396:	e0 91 7a 00 	lds	r30, 0x007A	; 0x80007a <TwoWire::Buffer>
 39a:	f0 91 7b 00 	lds	r31, 0x007B	; 0x80007b <TwoWire::Buffer+0x1>
 39e:	e2 0f       	add	r30, r18
 3a0:	f1 1d       	adc	r31, r1
 3a2:	80 81       	ld	r24, Z
 3a4:	90 e0       	ldi	r25, 0x00	; 0
 3a6:	2f 5f       	subi	r18, 0xFF	; 255
 3a8:	20 93 8c 00 	sts	0x008C, r18	; 0x80008c <TwoWire::BufferIndex>
 3ac:	08 95       	ret
 3ae:	4c d0       	rcall	.+152    	; 0x448 <USI_TWI_Receive_Byte>
 3b0:	90 e0       	ldi	r25, 0x00	; 0
 3b2:	08 95       	ret
 3b4:	8f ef       	ldi	r24, 0xFF	; 255
 3b6:	9f ef       	ldi	r25, 0xFF	; 255
 3b8:	08 95       	ret

000003ba <TwoWire::onReceive(void (*)(int))>:
_ZN7TwoWire9onReceiveEPFviE():
C:\Users\wesley.furuya\AppData\Local\Arduino15\packages\ATTinyCore\hardware\avr\1.2.3\libraries\Wire\src/Wire.cpp:591
  // XXX: to be implemented.
}

// sets function called on slave write
void TwoWire::onReceive( void (*function)(int) ) {
  USI_TWI_On_Slave_Receive = function;
 3ba:	70 93 8e 00 	sts	0x008E, r23	; 0x80008e <USI_TWI_On_Slave_Receive+0x1>
 3be:	60 93 8d 00 	sts	0x008D, r22	; 0x80008d <USI_TWI_On_Slave_Receive>
 3c2:	08 95       	ret

000003c4 <TwoWire::onRequest(void (*)())>:
_ZN7TwoWire9onRequestEPFvvE():
C:\Users\wesley.furuya\AppData\Local\Arduino15\packages\ATTinyCore\hardware\avr\1.2.3\libraries\Wire\src/Wire.cpp:596
}

// sets function called on slave read
void TwoWire::onRequest( void (*function)(void) ) {
  USI_TWI_On_Slave_Transmit = function;
 3c4:	70 93 90 00 	sts	0x0090, r23	; 0x800090 <USI_TWI_On_Slave_Transmit+0x1>
 3c8:	60 93 8f 00 	sts	0x008F, r22	; 0x80008f <USI_TWI_On_Slave_Transmit>
 3cc:	08 95       	ret

000003ce <Flush_TWI_Buffers>:
Flush_TWI_Buffers():
C:\Users\wesley.furuya\AppData\Local\Arduino15\packages\ATTinyCore\hardware\avr\1.2.3\libraries\Wire\src\USI_TWI_Slave/USI_TWI_Slave.c:153
// Check if there is an active data session.
unsigned char USI_TWI_Slave_Is_Active()
{
	// Active if Overflow Interrupt is enabled and no Stop Condition occurred
	return (USICR & (1 << USIOIE)) && ((USISR & (1 << USIPF)) == 0);
}
 3ce:	10 92 93 00 	sts	0x0093, r1	; 0x800093 <TWI_RxTail>
 3d2:	10 92 94 00 	sts	0x0094, r1	; 0x800094 <TWI_RxHead>
 3d6:	10 92 91 00 	sts	0x0091, r1	; 0x800091 <TWI_TxTail>
 3da:	10 92 92 00 	sts	0x0092, r1	; 0x800092 <TWI_TxHead>
 3de:	08 95       	ret

000003e0 <USI_TWI_Slave_Initialise>:
USI_TWI_Slave_Initialise():
 3e0:	cf 93       	push	r28
 3e2:	df 93       	push	r29
 3e4:	1f 92       	push	r1
 3e6:	cd b7       	in	r28, 0x3d	; 61
 3e8:	de b7       	in	r29, 0x3e	; 62
 3ea:	89 83       	std	Y+1, r24	; 0x01
 3ec:	f0 df       	rcall	.-32     	; 0x3ce <Flush_TWI_Buffers>
 3ee:	89 81       	ldd	r24, Y+1	; 0x01
 3f0:	80 93 96 00 	sts	0x0096, r24	; 0x800096 <TWI_slaveAddress>
 3f4:	10 92 90 00 	sts	0x0090, r1	; 0x800090 <USI_TWI_On_Slave_Transmit+0x1>
 3f8:	10 92 8f 00 	sts	0x008F, r1	; 0x80008f <USI_TWI_On_Slave_Transmit>
 3fc:	10 92 8e 00 	sts	0x008E, r1	; 0x80008e <USI_TWI_On_Slave_Receive+0x1>
 400:	10 92 8d 00 	sts	0x008D, r1	; 0x80008d <USI_TWI_On_Slave_Receive>
 404:	c2 9a       	sbi	0x18, 2	; 24
 406:	c0 9a       	sbi	0x18, 0	; 24
 408:	ba 9a       	sbi	0x17, 2	; 23
 40a:	b8 98       	cbi	0x17, 0	; 23
 40c:	88 ea       	ldi	r24, 0xA8	; 168
 40e:	8d b9       	out	0x0d, r24	; 13
 410:	80 ef       	ldi	r24, 0xF0	; 240
 412:	8e b9       	out	0x0e, r24	; 14
 414:	0f 90       	pop	r0
 416:	df 91       	pop	r29
 418:	cf 91       	pop	r28
 41a:	08 95       	ret

0000041c <USI_TWI_Slave_Disable>:
USI_TWI_Slave_Disable():
 41c:	ba 98       	cbi	0x17, 2	; 23
 41e:	b8 98       	cbi	0x17, 0	; 23
 420:	1d b8       	out	0x0d, r1	; 13
 422:	80 ef       	ldi	r24, 0xF0	; 240
 424:	8e b9       	out	0x0e, r24	; 14
 426:	08 95       	ret

00000428 <USI_TWI_Transmit_Byte>:
USI_TWI_Transmit_Byte():
 428:	90 91 92 00 	lds	r25, 0x0092	; 0x800092 <TWI_TxHead>
 42c:	9f 5f       	subi	r25, 0xFF	; 255
 42e:	9f 70       	andi	r25, 0x0F	; 15
 430:	20 91 91 00 	lds	r18, 0x0091	; 0x800091 <TWI_TxTail>
 434:	92 17       	cp	r25, r18
 436:	e1 f3       	breq	.-8      	; 0x430 <USI_TWI_Transmit_Byte+0x8>
 438:	e9 2f       	mov	r30, r25
 43a:	f0 e0       	ldi	r31, 0x00	; 0
 43c:	ec 54       	subi	r30, 0x4C	; 76
 43e:	ff 4f       	sbci	r31, 0xFF	; 255
 440:	80 83       	st	Z, r24
 442:	90 93 92 00 	sts	0x0092, r25	; 0x800092 <TWI_TxHead>
 446:	08 95       	ret

00000448 <USI_TWI_Receive_Byte>:
USI_TWI_Receive_Byte():
 448:	80 91 93 00 	lds	r24, 0x0093	; 0x800093 <TWI_RxTail>
 44c:	90 91 94 00 	lds	r25, 0x0094	; 0x800094 <TWI_RxHead>
 450:	98 17       	cp	r25, r24
 452:	e1 f3       	breq	.-8      	; 0x44c <USI_TWI_Receive_Byte+0x4>
 454:	e0 91 93 00 	lds	r30, 0x0093	; 0x800093 <TWI_RxTail>
 458:	ef 5f       	subi	r30, 0xFF	; 255
 45a:	ef 70       	andi	r30, 0x0F	; 15
 45c:	e0 93 93 00 	sts	0x0093, r30	; 0x800093 <TWI_RxTail>
 460:	f0 e0       	ldi	r31, 0x00	; 0
 462:	ec 55       	subi	r30, 0x5C	; 92
 464:	ff 4f       	sbci	r31, 0xFF	; 255
 466:	80 81       	ld	r24, Z
 468:	08 95       	ret

0000046a <USI_TWI_Data_In_Receive_Buffer>:
USI_TWI_Data_In_Receive_Buffer():
 46a:	90 91 93 00 	lds	r25, 0x0093	; 0x800093 <TWI_RxTail>
 46e:	80 91 94 00 	lds	r24, 0x0094	; 0x800094 <TWI_RxHead>
 472:	89 1b       	sub	r24, r25
 474:	8f 70       	andi	r24, 0x0F	; 15
 476:	08 95       	ret

00000478 <USI_TWI_Space_In_Transmission_Buffer>:
USI_TWI_Space_In_Transmission_Buffer():
 478:	90 91 92 00 	lds	r25, 0x0092	; 0x800092 <TWI_TxHead>
 47c:	80 91 91 00 	lds	r24, 0x0091	; 0x800091 <TWI_TxTail>
 480:	9f 5f       	subi	r25, 0xFF	; 255
 482:	89 1b       	sub	r24, r25
 484:	8f 70       	andi	r24, 0x0F	; 15
 486:	08 95       	ret

00000488 <__vector_13>:
__vector_13():
C:\Users\wesley.furuya\AppData\Local\Arduino15\packages\ATTinyCore\hardware\avr\1.2.3\libraries\Wire\src\USI_TWI_Slave/USI_TWI_Slave.c:165
ISR(USI_START_VECTOR)
#elif __ICCAVR__
#pragma vector = USI_START_VECTOR
__interrupt void USI_Start_Condition_ISR(void)
#endif
{
 488:	1f 92       	push	r1
 48a:	0f 92       	push	r0
 48c:	0f b6       	in	r0, 0x3f	; 63
 48e:	0f 92       	push	r0
 490:	11 24       	eor	r1, r1
 492:	0f 93       	push	r16
 494:	1f 93       	push	r17
 496:	2f 93       	push	r18
 498:	3f 93       	push	r19
 49a:	4f 93       	push	r20
 49c:	5f 93       	push	r21
 49e:	6f 93       	push	r22
 4a0:	7f 93       	push	r23
 4a2:	8f 93       	push	r24
 4a4:	9f 93       	push	r25
 4a6:	af 93       	push	r26
 4a8:	bf 93       	push	r27
 4aa:	cf 93       	push	r28
 4ac:	ef 93       	push	r30
 4ae:	ff 93       	push	r31
C:\Users\wesley.furuya\AppData\Local\Arduino15\packages\ATTinyCore\hardware\avr\1.2.3\libraries\Wire\src\USI_TWI_Slave/USI_TWI_Slave.c:169
	unsigned char tmpPin; // Temporary variable for pin state
	unsigned char tmpRxHead; // Temporary variable to store volatile
	// call slave receive callback on repeated start
	if (USI_TWI_On_Slave_Receive) {
 4b0:	00 91 8d 00 	lds	r16, 0x008D	; 0x80008d <USI_TWI_On_Slave_Receive>
 4b4:	10 91 8e 00 	lds	r17, 0x008E	; 0x80008e <USI_TWI_On_Slave_Receive+0x1>
 4b8:	01 15       	cp	r16, r1
 4ba:	11 05       	cpc	r17, r1
 4bc:	61 f0       	breq	.+24     	; 0x4d6 <__vector_13+0x4e>
C:\Users\wesley.furuya\AppData\Local\Arduino15\packages\ATTinyCore\hardware\avr\1.2.3\libraries\Wire\src\USI_TWI_Slave/USI_TWI_Slave.c:170
		tmpRxHead = TWI_RxHead;
 4be:	c0 91 94 00 	lds	r28, 0x0094	; 0x800094 <TWI_RxHead>
C:\Users\wesley.furuya\AppData\Local\Arduino15\packages\ATTinyCore\hardware\avr\1.2.3\libraries\Wire\src\USI_TWI_Slave/USI_TWI_Slave.c:171
		if (TWI_RxTail != tmpRxHead) { // data in receive buffer
 4c2:	80 91 93 00 	lds	r24, 0x0093	; 0x800093 <TWI_RxTail>
 4c6:	8c 17       	cp	r24, r28
 4c8:	31 f0       	breq	.+12     	; 0x4d6 <__vector_13+0x4e>
C:\Users\wesley.furuya\AppData\Local\Arduino15\packages\ATTinyCore\hardware\avr\1.2.3\libraries\Wire\src\USI_TWI_Slave/USI_TWI_Slave.c:172
			USI_TWI_On_Slave_Receive(USI_TWI_Data_In_Receive_Buffer());
 4ca:	cf df       	rcall	.-98     	; 0x46a <USI_TWI_Data_In_Receive_Buffer>
 4cc:	90 e0       	ldi	r25, 0x00	; 0
 4ce:	f8 01       	movw	r30, r16
 4d0:	09 95       	icall
C:\Users\wesley.furuya\AppData\Local\Arduino15\packages\ATTinyCore\hardware\avr\1.2.3\libraries\Wire\src\USI_TWI_Slave/USI_TWI_Slave.c:174
			// reset rx buffer
			TWI_RxTail = tmpRxHead;
 4d2:	c0 93 93 00 	sts	0x0093, r28	; 0x800093 <TWI_RxTail>
C:\Users\wesley.furuya\AppData\Local\Arduino15\packages\ATTinyCore\hardware\avr\1.2.3\libraries\Wire\src\USI_TWI_Slave/USI_TWI_Slave.c:178
		}
	}

	USI_TWI_Overflow_State = USI_SLAVE_CHECK_ADDRESS;
 4d6:	10 92 95 00 	sts	0x0095, r1	; 0x800095 <USI_TWI_Overflow_State>
C:\Users\wesley.furuya\AppData\Local\Arduino15\packages\ATTinyCore\hardware\avr\1.2.3\libraries\Wire\src\USI_TWI_Slave/USI_TWI_Slave.c:179
	DDR_USI &= ~(1 << PORT_USI_SDA); // Set SDA as input
 4da:	b8 98       	cbi	0x17, 0	; 23
C:\Users\wesley.furuya\AppData\Local\Arduino15\packages\ATTinyCore\hardware\avr\1.2.3\libraries\Wire\src\USI_TWI_Slave/USI_TWI_Slave.c:180 (discriminator 2)
	while ((tmpPin = (PIN_USI_CL & (1 << PORT_USI_SCL))) && ((PIN_USI & (1 << PIN_USI_SDA)) == 0))
 4dc:	b2 9b       	sbis	0x16, 2	; 22
 4de:	04 c0       	rjmp	.+8      	; 0x4e8 <__vector_13+0x60>
C:\Users\wesley.furuya\AppData\Local\Arduino15\packages\ATTinyCore\hardware\avr\1.2.3\libraries\Wire\src\USI_TWI_Slave/USI_TWI_Slave.c:180 (discriminator 1)
 4e0:	b0 9b       	sbis	0x16, 0	; 22
 4e2:	fc cf       	rjmp	.-8      	; 0x4dc <__vector_13+0x54>
C:\Users\wesley.furuya\AppData\Local\Arduino15\packages\ATTinyCore\hardware\avr\1.2.3\libraries\Wire\src\USI_TWI_Slave/USI_TWI_Slave.c:185
		; // Wait for SCL to go low to ensure the "Start Condition" has completed.
	      // If a Stop condition arises then leave the interrupt to prevent waiting forever.
	if (tmpPin) {
		// Stop Condition (waiting for next Start Condition)
		USICR = (1 << USISIE) | (0 << USIOIE) | // Enable Start Condition Interrupt. Disable Overflow Interrupt.
 4e4:	88 ea       	ldi	r24, 0xA8	; 168
 4e6:	01 c0       	rjmp	.+2      	; 0x4ea <__vector_13+0x62>
C:\Users\wesley.furuya\AppData\Local\Arduino15\packages\ATTinyCore\hardware\avr\1.2.3\libraries\Wire\src\USI_TWI_Slave/USI_TWI_Slave.c:192
		                                        // to first Start Condition (potentail failure)
		        (1 << USICS1) | (0 << USICS0) | (0 << USICLK) | // Shift Register Clock Source = External, positive edge
		        (0 << USITC);
	} else {
		// really Start Condition (Enable Overflow Interrupt)
		USICR = (1 << USISIE) | (1 << USIOIE)
 4e8:	88 ef       	ldi	r24, 0xF8	; 248
 4ea:	8d b9       	out	0x0d, r24	; 13
C:\Users\wesley.furuya\AppData\Local\Arduino15\packages\ATTinyCore\hardware\avr\1.2.3\libraries\Wire\src\USI_TWI_Slave/USI_TWI_Slave.c:198
		        | // Enable Overflow and Start Condition Interrupt. (Keep StartCondInt to detect RESTART)
		        (1 << USIWM1) | (1 << USIWM0) |                 // Set USI in Two-wire mode.
		        (1 << USICS1) | (0 << USICS0) | (0 << USICLK) | // Shift Register Clock Source = External, positive edge
		        (0 << USITC);
	}
	USISR = (1 << USI_START_COND_INT) | (1 << USIOIF) | (1 << USIPF) | (1 << USIDC) | // Clear flags
 4ec:	80 ef       	ldi	r24, 0xF0	; 240
 4ee:	8e b9       	out	0x0e, r24	; 14
C:\Users\wesley.furuya\AppData\Local\Arduino15\packages\ATTinyCore\hardware\avr\1.2.3\libraries\Wire\src\USI_TWI_Slave/USI_TWI_Slave.c:200
	        (0x0 << USICNT0); // Set USI to sample 8 bits i.e. count 16 external pin toggles.
}
 4f0:	ff 91       	pop	r31
 4f2:	ef 91       	pop	r30
 4f4:	cf 91       	pop	r28
 4f6:	bf 91       	pop	r27
 4f8:	af 91       	pop	r26
 4fa:	9f 91       	pop	r25
 4fc:	8f 91       	pop	r24
 4fe:	7f 91       	pop	r23
 500:	6f 91       	pop	r22
 502:	5f 91       	pop	r21
 504:	4f 91       	pop	r20
 506:	3f 91       	pop	r19
 508:	2f 91       	pop	r18
 50a:	1f 91       	pop	r17
 50c:	0f 91       	pop	r16
 50e:	0f 90       	pop	r0
 510:	0f be       	out	0x3f, r0	; 63
 512:	0f 90       	pop	r0
 514:	1f 90       	pop	r1
 516:	18 95       	reti

00000518 <__vector_14>:
__vector_14():
C:\Users\wesley.furuya\AppData\Local\Arduino15\packages\ATTinyCore\hardware\avr\1.2.3\libraries\Wire\src\USI_TWI_Slave/USI_TWI_Slave.c:212
ISR(USI_OVERFLOW_VECTOR)
#elif __ICCAVR__
#pragma vector = USI_OVERFLOW_VECTOR
__interrupt void USI_Counter_Overflow_ISR(void)
#endif
{
 518:	1f 92       	push	r1
 51a:	0f 92       	push	r0
 51c:	0f b6       	in	r0, 0x3f	; 63
 51e:	0f 92       	push	r0
 520:	11 24       	eor	r1, r1
 522:	0f 93       	push	r16
 524:	1f 93       	push	r17
 526:	2f 93       	push	r18
 528:	3f 93       	push	r19
 52a:	4f 93       	push	r20
 52c:	5f 93       	push	r21
 52e:	6f 93       	push	r22
 530:	7f 93       	push	r23
 532:	8f 93       	push	r24
 534:	9f 93       	push	r25
 536:	af 93       	push	r26
 538:	bf 93       	push	r27
 53a:	cf 93       	push	r28
 53c:	ef 93       	push	r30
 53e:	ff 93       	push	r31
C:\Users\wesley.furuya\AppData\Local\Arduino15\packages\ATTinyCore\hardware\avr\1.2.3\libraries\Wire\src\USI_TWI_Slave/USI_TWI_Slave.c:217
	unsigned char tmpRxHead;
	unsigned char tmpTxTail; // Temporary variables to store volatiles
	unsigned char tmpUSIDR;

	switch (USI_TWI_Overflow_State) {
 540:	80 91 95 00 	lds	r24, 0x0095	; 0x800095 <USI_TWI_Overflow_State>
 544:	82 30       	cpi	r24, 0x02	; 2
 546:	09 f4       	brne	.+2      	; 0x54a <__vector_14+0x32>
 548:	4c c0       	rjmp	.+152    	; 0x5e2 <__vector_14+0xca>
 54a:	28 f4       	brcc	.+10     	; 0x556 <__vector_14+0x3e>
 54c:	88 23       	and	r24, r24
 54e:	59 f0       	breq	.+22     	; 0x566 <__vector_14+0x4e>
 550:	81 30       	cpi	r24, 0x01	; 1
 552:	51 f1       	breq	.+84     	; 0x5a8 <__vector_14+0x90>
 554:	83 c0       	rjmp	.+262    	; 0x65c <__vector_14+0x144>
 556:	84 30       	cpi	r24, 0x04	; 4
 558:	09 f4       	brne	.+2      	; 0x55c <__vector_14+0x44>
 55a:	49 c0       	rjmp	.+146    	; 0x5ee <__vector_14+0xd6>
 55c:	10 f1       	brcs	.+68     	; 0x5a2 <__vector_14+0x8a>
 55e:	85 30       	cpi	r24, 0x05	; 5
 560:	09 f4       	brne	.+2      	; 0x564 <__vector_14+0x4c>
 562:	64 c0       	rjmp	.+200    	; 0x62c <__vector_14+0x114>
 564:	7b c0       	rjmp	.+246    	; 0x65c <__vector_14+0x144>
C:\Users\wesley.furuya\AppData\Local\Arduino15\packages\ATTinyCore\hardware\avr\1.2.3\libraries\Wire\src\USI_TWI_Slave/USI_TWI_Slave.c:221
	// ---------- Address mode ----------
	// Check address and send ACK (and next USI_SLAVE_SEND_DATA) if OK, else reset USI.
	case USI_SLAVE_CHECK_ADDRESS:
		if ((USIDR == 0) || ((USIDR >> 1) == TWI_slaveAddress)) {
 566:	8f b1       	in	r24, 0x0f	; 15
 568:	88 23       	and	r24, r24
 56a:	31 f0       	breq	.+12     	; 0x578 <__vector_14+0x60>
C:\Users\wesley.furuya\AppData\Local\Arduino15\packages\ATTinyCore\hardware\avr\1.2.3\libraries\Wire\src\USI_TWI_Slave/USI_TWI_Slave.c:221 (discriminator 1)
 56c:	8f b1       	in	r24, 0x0f	; 15
 56e:	86 95       	lsr	r24
 570:	90 91 96 00 	lds	r25, 0x0096	; 0x800096 <TWI_slaveAddress>
 574:	89 13       	cpse	r24, r25
 576:	30 c0       	rjmp	.+96     	; 0x5d8 <__vector_14+0xc0>
C:\Users\wesley.furuya\AppData\Local\Arduino15\packages\ATTinyCore\hardware\avr\1.2.3\libraries\Wire\src\USI_TWI_Slave/USI_TWI_Slave.c:222
			if (USIDR & 0x01) {
 578:	78 9b       	sbis	0x0f, 0	; 15
 57a:	0d c0       	rjmp	.+26     	; 0x596 <__vector_14+0x7e>
C:\Users\wesley.furuya\AppData\Local\Arduino15\packages\ATTinyCore\hardware\avr\1.2.3\libraries\Wire\src\USI_TWI_Slave/USI_TWI_Slave.c:223
				if (USI_TWI_On_Slave_Transmit) {
 57c:	e0 91 8f 00 	lds	r30, 0x008F	; 0x80008f <USI_TWI_On_Slave_Transmit>
 580:	f0 91 90 00 	lds	r31, 0x0090	; 0x800090 <USI_TWI_On_Slave_Transmit+0x1>
 584:	30 97       	sbiw	r30, 0x00	; 0
 586:	29 f0       	breq	.+10     	; 0x592 <__vector_14+0x7a>
C:\Users\wesley.furuya\AppData\Local\Arduino15\packages\ATTinyCore\hardware\avr\1.2.3\libraries\Wire\src\USI_TWI_Slave/USI_TWI_Slave.c:225
					// reset tx buffer and call callback
					tmpTxTail = TWI_TxHead;
 588:	80 91 92 00 	lds	r24, 0x0092	; 0x800092 <TWI_TxHead>
C:\Users\wesley.furuya\AppData\Local\Arduino15\packages\ATTinyCore\hardware\avr\1.2.3\libraries\Wire\src\USI_TWI_Slave/USI_TWI_Slave.c:226
					TWI_TxTail = tmpTxTail;
 58c:	80 93 91 00 	sts	0x0091, r24	; 0x800091 <TWI_TxTail>
C:\Users\wesley.furuya\AppData\Local\Arduino15\packages\ATTinyCore\hardware\avr\1.2.3\libraries\Wire\src\USI_TWI_Slave/USI_TWI_Slave.c:227
					USI_TWI_On_Slave_Transmit();
 590:	09 95       	icall
C:\Users\wesley.furuya\AppData\Local\Arduino15\packages\ATTinyCore\hardware\avr\1.2.3\libraries\Wire\src\USI_TWI_Slave/USI_TWI_Slave.c:229
				}
				USI_TWI_Overflow_State = USI_SLAVE_SEND_DATA;
 592:	81 e0       	ldi	r24, 0x01	; 1
 594:	01 c0       	rjmp	.+2      	; 0x598 <__vector_14+0x80>
C:\Users\wesley.furuya\AppData\Local\Arduino15\packages\ATTinyCore\hardware\avr\1.2.3\libraries\Wire\src\USI_TWI_Slave/USI_TWI_Slave.c:231
			} else {
				USI_TWI_Overflow_State = USI_SLAVE_REQUEST_DATA;
 596:	84 e0       	ldi	r24, 0x04	; 4
 598:	80 93 95 00 	sts	0x0095, r24	; 0x800095 <USI_TWI_Overflow_State>
C:\Users\wesley.furuya\AppData\Local\Arduino15\packages\ATTinyCore\hardware\avr\1.2.3\libraries\Wire\src\USI_TWI_Slave/USI_TWI_Slave.c:233
			}
			SET_USI_TO_SEND_ACK();
 59c:	1f b8       	out	0x0f, r1	; 15
 59e:	b8 9a       	sbi	0x17, 0	; 23
 5a0:	5b c0       	rjmp	.+182    	; 0x658 <__vector_14+0x140>
C:\Users\wesley.furuya\AppData\Local\Arduino15\packages\ATTinyCore\hardware\avr\1.2.3\libraries\Wire\src\USI_TWI_Slave/USI_TWI_Slave.c:242
		break;

	// ----- Master write data mode ------
	// Check reply and goto USI_SLAVE_SEND_DATA if OK, else reset USI.
	case USI_SLAVE_CHECK_REPLY_FROM_SEND_DATA:
		if (USIDR) // If NACK, the master does not want more data.
 5a2:	8f b1       	in	r24, 0x0f	; 15
 5a4:	81 11       	cpse	r24, r1
 5a6:	18 c0       	rjmp	.+48     	; 0x5d8 <__vector_14+0xc0>
C:\Users\wesley.furuya\AppData\Local\Arduino15\packages\ATTinyCore\hardware\avr\1.2.3\libraries\Wire\src\USI_TWI_Slave/USI_TWI_Slave.c:253

	// Copy data from buffer to USIDR and set USI to shift byte. Next USI_SLAVE_REQUEST_REPLY_FROM_SEND_DATA
	case USI_SLAVE_SEND_DATA:

		// Get data from Buffer
		tmpTxTail = TWI_TxTail; // Not necessary, but prevents warnings
 5a8:	80 91 91 00 	lds	r24, 0x0091	; 0x800091 <TWI_TxTail>
C:\Users\wesley.furuya\AppData\Local\Arduino15\packages\ATTinyCore\hardware\avr\1.2.3\libraries\Wire\src\USI_TWI_Slave/USI_TWI_Slave.c:254
		if (TWI_TxHead != tmpTxTail) {
 5ac:	90 91 92 00 	lds	r25, 0x0092	; 0x800092 <TWI_TxHead>
 5b0:	98 17       	cp	r25, r24
 5b2:	91 f0       	breq	.+36     	; 0x5d8 <__vector_14+0xc0>
C:\Users\wesley.furuya\AppData\Local\Arduino15\packages\ATTinyCore\hardware\avr\1.2.3\libraries\Wire\src\USI_TWI_Slave/USI_TWI_Slave.c:255
			TWI_TxTail = (TWI_TxTail + 1) & TWI_TX_BUFFER_MASK;
 5b4:	80 91 91 00 	lds	r24, 0x0091	; 0x800091 <TWI_TxTail>
 5b8:	8f 5f       	subi	r24, 0xFF	; 255
 5ba:	8f 70       	andi	r24, 0x0F	; 15
 5bc:	80 93 91 00 	sts	0x0091, r24	; 0x800091 <TWI_TxTail>
C:\Users\wesley.furuya\AppData\Local\Arduino15\packages\ATTinyCore\hardware\avr\1.2.3\libraries\Wire\src\USI_TWI_Slave/USI_TWI_Slave.c:256
			USIDR      = TWI_TxBuf[TWI_TxTail];
 5c0:	e0 91 91 00 	lds	r30, 0x0091	; 0x800091 <TWI_TxTail>
 5c4:	f0 e0       	ldi	r31, 0x00	; 0
 5c6:	ec 54       	subi	r30, 0x4C	; 76
 5c8:	ff 4f       	sbci	r31, 0xFF	; 255
 5ca:	80 81       	ld	r24, Z
 5cc:	8f b9       	out	0x0f, r24	; 15
C:\Users\wesley.furuya\AppData\Local\Arduino15\packages\ATTinyCore\hardware\avr\1.2.3\libraries\Wire\src\USI_TWI_Slave/USI_TWI_Slave.c:262
		} else // If the buffer is empty then:
		{
			SET_USI_TO_TWI_START_CONDITION_MODE();
			return;
		}
		USI_TWI_Overflow_State = USI_SLAVE_REQUEST_REPLY_FROM_SEND_DATA;
 5ce:	82 e0       	ldi	r24, 0x02	; 2
 5d0:	80 93 95 00 	sts	0x0095, r24	; 0x800095 <USI_TWI_Overflow_State>
C:\Users\wesley.furuya\AppData\Local\Arduino15\packages\ATTinyCore\hardware\avr\1.2.3\libraries\Wire\src\USI_TWI_Slave/USI_TWI_Slave.c:263
		SET_USI_TO_SEND_DATA();
 5d4:	b8 9a       	sbi	0x17, 0	; 23
 5d6:	03 c0       	rjmp	.+6      	; 0x5de <__vector_14+0xc6>
C:\Users\wesley.furuya\AppData\Local\Arduino15\packages\ATTinyCore\hardware\avr\1.2.3\libraries\Wire\src\USI_TWI_Slave/USI_TWI_Slave.c:259
		if (TWI_TxHead != tmpTxTail) {
			TWI_TxTail = (TWI_TxTail + 1) & TWI_TX_BUFFER_MASK;
			USIDR      = TWI_TxBuf[TWI_TxTail];
		} else // If the buffer is empty then:
		{
			SET_USI_TO_TWI_START_CONDITION_MODE();
 5d8:	b8 98       	cbi	0x17, 0	; 23
 5da:	88 ea       	ldi	r24, 0xA8	; 168
 5dc:	8d b9       	out	0x0d, r24	; 13
 5de:	80 e7       	ldi	r24, 0x70	; 112
 5e0:	3c c0       	rjmp	.+120    	; 0x65a <__vector_14+0x142>
C:\Users\wesley.furuya\AppData\Local\Arduino15\packages\ATTinyCore\hardware\avr\1.2.3\libraries\Wire\src\USI_TWI_Slave/USI_TWI_Slave.c:268
		SET_USI_TO_SEND_DATA();
		break;

	// Set USI to sample reply from master. Next USI_SLAVE_CHECK_REPLY_FROM_SEND_DATA
	case USI_SLAVE_REQUEST_REPLY_FROM_SEND_DATA:
		USI_TWI_Overflow_State = USI_SLAVE_CHECK_REPLY_FROM_SEND_DATA;
 5e2:	83 e0       	ldi	r24, 0x03	; 3
 5e4:	80 93 95 00 	sts	0x0095, r24	; 0x800095 <USI_TWI_Overflow_State>
C:\Users\wesley.furuya\AppData\Local\Arduino15\packages\ATTinyCore\hardware\avr\1.2.3\libraries\Wire\src\USI_TWI_Slave/USI_TWI_Slave.c:269
		SET_USI_TO_READ_ACK();
 5e8:	b8 98       	cbi	0x17, 0	; 23
 5ea:	1f b8       	out	0x0f, r1	; 15
 5ec:	35 c0       	rjmp	.+106    	; 0x658 <__vector_14+0x140>
C:\Users\wesley.furuya\AppData\Local\Arduino15\packages\ATTinyCore\hardware\avr\1.2.3\libraries\Wire\src\USI_TWI_Slave/USI_TWI_Slave.c:275
		break;

	// ----- Master read data mode ------
	// Set USI to sample data from master. Next USI_SLAVE_GET_DATA_AND_SEND_ACK.
	case USI_SLAVE_REQUEST_DATA:
		USI_TWI_Overflow_State = USI_SLAVE_GET_DATA_AND_SEND_ACK;
 5ee:	85 e0       	ldi	r24, 0x05	; 5
 5f0:	80 93 95 00 	sts	0x0095, r24	; 0x800095 <USI_TWI_Overflow_State>
C:\Users\wesley.furuya\AppData\Local\Arduino15\packages\ATTinyCore\hardware\avr\1.2.3\libraries\Wire\src\USI_TWI_Slave/USI_TWI_Slave.c:276
		SET_USI_TO_READ_DATA();
 5f4:	b8 98       	cbi	0x17, 0	; 23
 5f6:	80 e7       	ldi	r24, 0x70	; 112
 5f8:	8e b9       	out	0x0e, r24	; 14
C:\Users\wesley.furuya\AppData\Local\Arduino15\packages\ATTinyCore\hardware\avr\1.2.3\libraries\Wire\src\USI_TWI_Slave/USI_TWI_Slave.c:278
		// call slave receive callback on stop condition
		if (USI_TWI_On_Slave_Receive) {
 5fa:	00 91 8d 00 	lds	r16, 0x008D	; 0x80008d <USI_TWI_On_Slave_Receive>
 5fe:	10 91 8e 00 	lds	r17, 0x008E	; 0x80008e <USI_TWI_On_Slave_Receive+0x1>
 602:	01 15       	cp	r16, r1
 604:	11 05       	cpc	r17, r1
 606:	51 f1       	breq	.+84     	; 0x65c <__vector_14+0x144>
C:\Users\wesley.furuya\AppData\Local\Arduino15\packages\ATTinyCore\hardware\avr\1.2.3\libraries\Wire\src\USI_TWI_Slave/USI_TWI_Slave.c:279
			tmpRxHead = TWI_RxHead;
 608:	c0 91 94 00 	lds	r28, 0x0094	; 0x800094 <TWI_RxHead>
C:\Users\wesley.furuya\AppData\Local\Arduino15\packages\ATTinyCore\hardware\avr\1.2.3\libraries\Wire\src\USI_TWI_Slave/USI_TWI_Slave.c:280
			if (TWI_RxTail != tmpRxHead) { // data in receive buffer
 60c:	80 91 93 00 	lds	r24, 0x0093	; 0x800093 <TWI_RxTail>
 610:	8c 17       	cp	r24, r28
 612:	21 f1       	breq	.+72     	; 0x65c <__vector_14+0x144>
C:\Users\wesley.furuya\AppData\Local\Arduino15\packages\ATTinyCore\hardware\avr\1.2.3\libraries\Wire\src\USI_TWI_Slave/USI_TWI_Slave.c:282 (discriminator 1)
				// check for stop Condition
				while ((USISR & ((1 << USI_START_COND_INT) | (1 << USIPF) | (0xE << USICNT0))) == 0)
 614:	8e b1       	in	r24, 0x0e	; 14
 616:	8e 7a       	andi	r24, 0xAE	; 174
 618:	e9 f3       	breq	.-6      	; 0x614 <__vector_14+0xfc>
C:\Users\wesley.furuya\AppData\Local\Arduino15\packages\ATTinyCore\hardware\avr\1.2.3\libraries\Wire\src\USI_TWI_Slave/USI_TWI_Slave.c:285
					;// wait for either Start or Stop Condition
					// cancel after one SCL cycle
				if (USISR & (1 << USIPF)) { // Stop Condition
 61a:	75 9b       	sbis	0x0e, 5	; 14
 61c:	1f c0       	rjmp	.+62     	; 0x65c <__vector_14+0x144>
C:\Users\wesley.furuya\AppData\Local\Arduino15\packages\ATTinyCore\hardware\avr\1.2.3\libraries\Wire\src\USI_TWI_Slave/USI_TWI_Slave.c:286
					USI_TWI_On_Slave_Receive(USI_TWI_Data_In_Receive_Buffer());
 61e:	25 df       	rcall	.-438    	; 0x46a <USI_TWI_Data_In_Receive_Buffer>
 620:	90 e0       	ldi	r25, 0x00	; 0
 622:	f8 01       	movw	r30, r16
 624:	09 95       	icall
C:\Users\wesley.furuya\AppData\Local\Arduino15\packages\ATTinyCore\hardware\avr\1.2.3\libraries\Wire\src\USI_TWI_Slave/USI_TWI_Slave.c:288
					// reset rx buffer
					TWI_RxTail = tmpRxHead;
 626:	c0 93 93 00 	sts	0x0093, r28	; 0x800093 <TWI_RxTail>
 62a:	18 c0       	rjmp	.+48     	; 0x65c <__vector_14+0x144>
C:\Users\wesley.furuya\AppData\Local\Arduino15\packages\ATTinyCore\hardware\avr\1.2.3\libraries\Wire\src\USI_TWI_Slave/USI_TWI_Slave.c:297
		break;

	// Copy data from USIDR and send ACK. Next USI_SLAVE_REQUEST_DATA
	case USI_SLAVE_GET_DATA_AND_SEND_ACK:
		// Put data into Buffer
		USI_TWI_Overflow_State = USI_SLAVE_REQUEST_DATA;
 62c:	84 e0       	ldi	r24, 0x04	; 4
 62e:	80 93 95 00 	sts	0x0095, r24	; 0x800095 <USI_TWI_Overflow_State>
C:\Users\wesley.furuya\AppData\Local\Arduino15\packages\ATTinyCore\hardware\avr\1.2.3\libraries\Wire\src\USI_TWI_Slave/USI_TWI_Slave.c:298
		tmpUSIDR              = USIDR; // Not necessary, but prevents warnings
 632:	9f b1       	in	r25, 0x0f	; 15
C:\Users\wesley.furuya\AppData\Local\Arduino15\packages\ATTinyCore\hardware\avr\1.2.3\libraries\Wire\src\USI_TWI_Slave/USI_TWI_Slave.c:299
		tmpRxHead = (TWI_RxHead + 1) & TWI_RX_BUFFER_MASK;
 634:	80 91 94 00 	lds	r24, 0x0094	; 0x800094 <TWI_RxHead>
 638:	8f 5f       	subi	r24, 0xFF	; 255
 63a:	8f 70       	andi	r24, 0x0F	; 15
C:\Users\wesley.furuya\AppData\Local\Arduino15\packages\ATTinyCore\hardware\avr\1.2.3\libraries\Wire\src\USI_TWI_Slave/USI_TWI_Slave.c:300
		if (TWI_RxTail != tmpRxHead) {
 63c:	20 91 93 00 	lds	r18, 0x0093	; 0x800093 <TWI_RxTail>
 640:	28 17       	cp	r18, r24
 642:	49 f0       	breq	.+18     	; 0x656 <__vector_14+0x13e>
C:\Users\wesley.furuya\AppData\Local\Arduino15\packages\ATTinyCore\hardware\avr\1.2.3\libraries\Wire\src\USI_TWI_Slave/USI_TWI_Slave.c:301
			TWI_RxHead            = tmpRxHead;
 644:	80 93 94 00 	sts	0x0094, r24	; 0x800094 <TWI_RxHead>
C:\Users\wesley.furuya\AppData\Local\Arduino15\packages\ATTinyCore\hardware\avr\1.2.3\libraries\Wire\src\USI_TWI_Slave/USI_TWI_Slave.c:302
			TWI_RxBuf[TWI_RxHead] = tmpUSIDR;
 648:	e0 91 94 00 	lds	r30, 0x0094	; 0x800094 <TWI_RxHead>
 64c:	f0 e0       	ldi	r31, 0x00	; 0
 64e:	ec 55       	subi	r30, 0x5C	; 92
 650:	ff 4f       	sbci	r31, 0xFF	; 255
 652:	90 83       	st	Z, r25
 654:	a3 cf       	rjmp	.-186    	; 0x59c <__vector_14+0x84>
C:\Users\wesley.furuya\AppData\Local\Arduino15\packages\ATTinyCore\hardware\avr\1.2.3\libraries\Wire\src\USI_TWI_Slave/USI_TWI_Slave.c:306
			SET_USI_TO_SEND_ACK();
		} else // If the buffer is full then:
		{
			SET_USI_TO_SEND_NACK();
 656:	b8 98       	cbi	0x17, 0	; 23
 658:	8e e7       	ldi	r24, 0x7E	; 126
 65a:	8e b9       	out	0x0e, r24	; 14
C:\Users\wesley.furuya\AppData\Local\Arduino15\packages\ATTinyCore\hardware\avr\1.2.3\libraries\Wire\src\USI_TWI_Slave/USI_TWI_Slave.c:310
		}
		break;
	}
}
 65c:	ff 91       	pop	r31
 65e:	ef 91       	pop	r30
 660:	cf 91       	pop	r28
 662:	bf 91       	pop	r27
 664:	af 91       	pop	r26
 666:	9f 91       	pop	r25
 668:	8f 91       	pop	r24
 66a:	7f 91       	pop	r23
 66c:	6f 91       	pop	r22
 66e:	5f 91       	pop	r21
 670:	4f 91       	pop	r20
 672:	3f 91       	pop	r19
 674:	2f 91       	pop	r18
 676:	1f 91       	pop	r17
 678:	0f 91       	pop	r16
 67a:	0f 90       	pop	r0
 67c:	0f be       	out	0x3f, r0	; 63
 67e:	0f 90       	pop	r0
 680:	1f 90       	pop	r1
 682:	18 95       	reti

00000684 <pcint_null_callback>:
pcint_null_callback():
C:\Users\wesley.furuya\Documents\Arduino\libraries\PinChangeInterrupt-master\src/PinChangeInterrupt0.cpp:36
#if defined(PCINT_ALINKAGE) && defined(PCINT_COMPILE_ENABLED_ISR) && defined(PCINT_INCLUDE_FROM_CPP) \
	|| !defined(PCINT_ALINKAGE) || !defined(PCINT_COMPILE_ENABLED_ISR)

#if (PCINT_USE_PORT0 == true)

void attachPinChangeInterrupt0(void) {
 684:	08 95       	ret

00000686 <PinChangeInterruptEventPCINT0()>:
_Z29PinChangeInterruptEventPCINT0v():
C:\Users\wesley.furuya\Documents\Arduino\libraries\PinChangeInterrupt-master\src/PinChangeInterrupt0.cpp:99
}
*/
#if (PCINT_USE_PCINT0 == true)
volatile callback callbackPCINT0 = pcint_null_callback;
void PinChangeInterruptEventPCINT0(void) {
	callbackPCINT0();
 686:	e0 91 86 00 	lds	r30, 0x0086	; 0x800086 <callbackPCINT0>
 68a:	f0 91 87 00 	lds	r31, 0x0087	; 0x800087 <callbackPCINT0+0x1>
 68e:	09 94       	ijmp

00000690 <PinChangeInterruptEventPCINT1()>:
_Z29PinChangeInterruptEventPCINT1v():
C:\Users\wesley.furuya\Documents\Arduino\libraries\PinChangeInterrupt-master\src/PinChangeInterrupt0.cpp:105
}
#endif
#if (PCINT_USE_PCINT1 == true)
volatile callback callbackPCINT1 = pcint_null_callback;
void PinChangeInterruptEventPCINT1(void) {
	callbackPCINT1();
 690:	e0 91 84 00 	lds	r30, 0x0084	; 0x800084 <callbackPCINT1>
 694:	f0 91 85 00 	lds	r31, 0x0085	; 0x800085 <callbackPCINT1+0x1>
 698:	09 94       	ijmp

0000069a <PinChangeInterruptEventPCINT2()>:
_Z29PinChangeInterruptEventPCINT2v():
C:\Users\wesley.furuya\Documents\Arduino\libraries\PinChangeInterrupt-master\src/PinChangeInterrupt0.cpp:111
}
#endif
#if (PCINT_USE_PCINT2 == true)
volatile callback callbackPCINT2 = pcint_null_callback;
void PinChangeInterruptEventPCINT2(void) {
	callbackPCINT2();
 69a:	e0 91 82 00 	lds	r30, 0x0082	; 0x800082 <callbackPCINT2>
 69e:	f0 91 83 00 	lds	r31, 0x0083	; 0x800083 <callbackPCINT2+0x1>
 6a2:	09 94       	ijmp

000006a4 <PinChangeInterruptEventPCINT3()>:
_Z29PinChangeInterruptEventPCINT3v():
C:\Users\wesley.furuya\Documents\Arduino\libraries\PinChangeInterrupt-master\src/PinChangeInterrupt0.cpp:117
}
#endif
#if (PCINT_USE_PCINT3 == true)
volatile callback callbackPCINT3 = pcint_null_callback;
void PinChangeInterruptEventPCINT3(void) {
	callbackPCINT3();
 6a4:	e0 91 80 00 	lds	r30, 0x0080	; 0x800080 <callbackPCINT3>
 6a8:	f0 91 81 00 	lds	r31, 0x0081	; 0x800081 <callbackPCINT3+0x1>
 6ac:	09 94       	ijmp

000006ae <PinChangeInterruptEventPCINT4()>:
_Z29PinChangeInterruptEventPCINT4v():
C:\Users\wesley.furuya\Documents\Arduino\libraries\PinChangeInterrupt-master\src/PinChangeInterrupt0.cpp:123
}
#endif
#if (PCINT_USE_PCINT4 == true)
volatile callback callbackPCINT4 = pcint_null_callback;
void PinChangeInterruptEventPCINT4(void) {
	callbackPCINT4();
 6ae:	e0 91 7e 00 	lds	r30, 0x007E	; 0x80007e <callbackPCINT4>
 6b2:	f0 91 7f 00 	lds	r31, 0x007F	; 0x80007f <callbackPCINT4+0x1>
 6b6:	09 94       	ijmp

000006b8 <PinChangeInterruptEventPCINT5()>:
_Z29PinChangeInterruptEventPCINT5v():
C:\Users\wesley.furuya\Documents\Arduino\libraries\PinChangeInterrupt-master\src/PinChangeInterrupt0.cpp:129
}
#endif
#if (PCINT_USE_PCINT5 == true)
volatile callback callbackPCINT5 = pcint_null_callback;
void PinChangeInterruptEventPCINT5(void) {
	callbackPCINT5();
 6b8:	e0 91 7c 00 	lds	r30, 0x007C	; 0x80007c <callbackPCINT5>
 6bc:	f0 91 7d 00 	lds	r31, 0x007D	; 0x80007d <callbackPCINT5+0x1>
 6c0:	09 94       	ijmp

000006c2 <__vector_2>:
__vector_2():
C:\Users\wesley.furuya\Documents\Arduino\libraries\PinChangeInterrupt-master\src/PinChangeInterrupt0.cpp:40

void attachPinChangeInterrupt0(void) {
	// fake function to make the IDE link this file
}

ISR(PCINT0_vect) {
 6c2:	1f 92       	push	r1
 6c4:	0f 92       	push	r0
 6c6:	0f b6       	in	r0, 0x3f	; 63
 6c8:	0f 92       	push	r0
 6ca:	11 24       	eor	r1, r1
 6cc:	2f 93       	push	r18
 6ce:	3f 93       	push	r19
 6d0:	4f 93       	push	r20
 6d2:	5f 93       	push	r21
 6d4:	6f 93       	push	r22
 6d6:	7f 93       	push	r23
 6d8:	8f 93       	push	r24
 6da:	9f 93       	push	r25
 6dc:	af 93       	push	r26
 6de:	bf 93       	push	r27
 6e0:	cf 93       	push	r28
 6e2:	ef 93       	push	r30
 6e4:	ff 93       	push	r31
C:\Users\wesley.furuya\Documents\Arduino\libraries\PinChangeInterrupt-master\src/PinChangeInterrupt0.cpp:42
	// get the new and old pin states for port
	uint8_t newPort = PCINT_INPUT_PORT0;
 6e6:	26 b3       	in	r18, 0x16	; 22
C:\Users\wesley.furuya\Documents\Arduino\libraries\PinChangeInterrupt-master\src/PinChangeInterrupt0.cpp:46

	// compare with the old value to detect a rising or falling
	uint8_t arrayPos = getArrayPosPCINT(0);
	uint8_t change = newPort ^ oldPorts[arrayPos];
 6e8:	80 91 99 00 	lds	r24, 0x0099	; 0x800099 <oldPorts>
 6ec:	c0 91 98 00 	lds	r28, 0x0098	; 0x800098 <fallingPorts>
 6f0:	c8 23       	and	r28, r24
 6f2:	90 91 97 00 	lds	r25, 0x0097	; 0x800097 <risingPorts>
 6f6:	92 23       	and	r25, r18
C:\Users\wesley.furuya\Documents\Arduino\libraries\PinChangeInterrupt-master\src/PinChangeInterrupt0.cpp:53
	uint8_t falling = change & oldPorts[arrayPos];

	// check which pins are triggered, compared with the settings
	uint8_t risingTrigger = rising & risingPorts[arrayPos];
	uint8_t fallingTrigger = falling & fallingPorts[arrayPos];
	uint8_t trigger = risingTrigger | fallingTrigger;
 6f8:	c9 2b       	or	r28, r25
C:\Users\wesley.furuya\Documents\Arduino\libraries\PinChangeInterrupt-master\src/PinChangeInterrupt0.cpp:46
	// get the new and old pin states for port
	uint8_t newPort = PCINT_INPUT_PORT0;

	// compare with the old value to detect a rising or falling
	uint8_t arrayPos = getArrayPosPCINT(0);
	uint8_t change = newPort ^ oldPorts[arrayPos];
 6fa:	82 27       	eor	r24, r18
C:\Users\wesley.furuya\Documents\Arduino\libraries\PinChangeInterrupt-master\src/PinChangeInterrupt0.cpp:53
	uint8_t falling = change & oldPorts[arrayPos];

	// check which pins are triggered, compared with the settings
	uint8_t risingTrigger = rising & risingPorts[arrayPos];
	uint8_t fallingTrigger = falling & fallingPorts[arrayPos];
	uint8_t trigger = risingTrigger | fallingTrigger;
 6fc:	c8 23       	and	r28, r24
C:\Users\wesley.furuya\Documents\Arduino\libraries\PinChangeInterrupt-master\src/PinChangeInterrupt0.cpp:56

	// save the new state for next comparison
	oldPorts[arrayPos] = newPort;
 6fe:	20 93 99 00 	sts	0x0099, r18	; 0x800099 <oldPorts>
C:\Users\wesley.furuya\Documents\Arduino\libraries\PinChangeInterrupt-master\src/PinChangeInterrupt0.cpp:63
	// Execute all functions that should be triggered
	// This way we can exclude a single function
	// and the calling is also much faster
	// We may also reorder the pins for different priority
#if !defined(PCINT_CALLBACK_PORT0)
	PCINT_CALLBACK(0, 0);
 702:	c0 fd       	sbrc	r28, 0
C:\Users\wesley.furuya\Documents\Arduino\libraries\PinChangeInterrupt-master\src/PinChangeInterrupt0.cpp:63 (discriminator 1)
 704:	c0 df       	rcall	.-128    	; 0x686 <PinChangeInterruptEventPCINT0()>
C:\Users\wesley.furuya\Documents\Arduino\libraries\PinChangeInterrupt-master\src/PinChangeInterrupt0.cpp:64
	PCINT_CALLBACK(1, 1);
 706:	c1 fd       	sbrc	r28, 1
C:\Users\wesley.furuya\Documents\Arduino\libraries\PinChangeInterrupt-master\src/PinChangeInterrupt0.cpp:64 (discriminator 1)
 708:	c3 df       	rcall	.-122    	; 0x690 <PinChangeInterruptEventPCINT1()>
C:\Users\wesley.furuya\Documents\Arduino\libraries\PinChangeInterrupt-master\src/PinChangeInterrupt0.cpp:65
	PCINT_CALLBACK(2, 2);
 70a:	c2 fd       	sbrc	r28, 2
C:\Users\wesley.furuya\Documents\Arduino\libraries\PinChangeInterrupt-master\src/PinChangeInterrupt0.cpp:65 (discriminator 1)
 70c:	c6 df       	rcall	.-116    	; 0x69a <PinChangeInterruptEventPCINT2()>
C:\Users\wesley.furuya\Documents\Arduino\libraries\PinChangeInterrupt-master\src/PinChangeInterrupt0.cpp:66
	PCINT_CALLBACK(3, 3);
 70e:	c3 fd       	sbrc	r28, 3
C:\Users\wesley.furuya\Documents\Arduino\libraries\PinChangeInterrupt-master\src/PinChangeInterrupt0.cpp:66 (discriminator 1)
 710:	c9 df       	rcall	.-110    	; 0x6a4 <PinChangeInterruptEventPCINT3()>
C:\Users\wesley.furuya\Documents\Arduino\libraries\PinChangeInterrupt-master\src/PinChangeInterrupt0.cpp:67
	PCINT_CALLBACK(4, 4);
 712:	c4 fd       	sbrc	r28, 4
C:\Users\wesley.furuya\Documents\Arduino\libraries\PinChangeInterrupt-master\src/PinChangeInterrupt0.cpp:67 (discriminator 1)
 714:	cc df       	rcall	.-104    	; 0x6ae <PinChangeInterruptEventPCINT4()>
C:\Users\wesley.furuya\Documents\Arduino\libraries\PinChangeInterrupt-master\src/PinChangeInterrupt0.cpp:68
	PCINT_CALLBACK(5, 5);
 716:	c5 fd       	sbrc	r28, 5
C:\Users\wesley.furuya\Documents\Arduino\libraries\PinChangeInterrupt-master\src/PinChangeInterrupt0.cpp:68 (discriminator 1)
 718:	cf df       	rcall	.-98     	; 0x6b8 <PinChangeInterruptEventPCINT5()>
C:\Users\wesley.furuya\Documents\Arduino\libraries\PinChangeInterrupt-master\src/PinChangeInterrupt0.cpp:74
	PCINT_CALLBACK(6, 6);
	PCINT_CALLBACK(7, 7);
#else
	PCINT_CALLBACK_PORT0
#endif
}
 71a:	ff 91       	pop	r31
 71c:	ef 91       	pop	r30
 71e:	cf 91       	pop	r28
 720:	bf 91       	pop	r27
 722:	af 91       	pop	r26
 724:	9f 91       	pop	r25
 726:	8f 91       	pop	r24
 728:	7f 91       	pop	r23
 72a:	6f 91       	pop	r22
 72c:	5f 91       	pop	r21
 72e:	4f 91       	pop	r20
 730:	3f 91       	pop	r19
 732:	2f 91       	pop	r18
 734:	0f 90       	pop	r0
 736:	0f be       	out	0x3f, r0	; 63
 738:	0f 90       	pop	r0
 73a:	1f 90       	pop	r1
 73c:	18 95       	reti

0000073e <enablePinChangeInterruptHelper(unsigned char, unsigned char, unsigned char)>:
_Z30enablePinChangeInterruptHelperhhh():
C:\Users\wesley.furuya\Documents\Arduino\libraries\PinChangeInterrupt-master\src/PinChangeInterrupt.cpp:101
uint8_t fallingPorts[PCINT_NUM_USED_PORTS] = { 0 };
uint8_t risingPorts[PCINT_NUM_USED_PORTS] = { 0 };

void enablePinChangeInterruptHelper(const uint8_t pcintPort, const uint8_t pcintMask, const uint8_t arrayPos){
	// Update the old state to the actual state
	switch(pcintPort){
 73e:	81 11       	cpse	r24, r1
 740:	06 c0       	rjmp	.+12     	; 0x74e <enablePinChangeInterruptHelper(unsigned char, unsigned char, unsigned char)+0x10>
C:\Users\wesley.furuya\Documents\Arduino\libraries\PinChangeInterrupt-master\src/PinChangeInterrupt.cpp:104
#ifdef PCINT_INPUT_PORT0_USED
		case 0:
			oldPorts[arrayPos] = PCINT_INPUT_PORT0;
 742:	96 b3       	in	r25, 0x16	; 22
 744:	e4 2f       	mov	r30, r20
 746:	f0 e0       	ldi	r31, 0x00	; 0
 748:	e7 56       	subi	r30, 0x67	; 103
 74a:	ff 4f       	sbci	r31, 0xFF	; 255
 74c:	90 83       	st	Z, r25
C:\Users\wesley.furuya\Documents\Arduino\libraries\PinChangeInterrupt-master\src/PinChangeInterrupt.cpp:160
#endif
		}
	}
#endif
#elif defined(PCMSK)
	*(&PCMSK + pcintPort) |= pcintMask;
 74e:	e8 2f       	mov	r30, r24
 750:	f0 e0       	ldi	r31, 0x00	; 0
 752:	85 a9       	ldd	r24, Z+53	; 0x35
 754:	68 2b       	or	r22, r24
 756:	65 ab       	std	Z+53, r22	; 0x35
C:\Users\wesley.furuya\Documents\Arduino\libraries\PinChangeInterrupt-master\src/PinChangeInterrupt.cpp:171
#elif defined(GICR) /* e.g. ATmega162 */
	GICR |= (1  << (pcintPort + PCIE0));
#elif defined(GIMSK) && defined(PCIE0) /* e.g. ATtiny X4 */
	GIMSK |= (1  << (pcintPort + PCIE0));
#elif defined(GIMSK) && defined(PCIE) /* e.g. ATtiny X5 */
	GIMSK |= (1  << (pcintPort + PCIE));
 758:	2b b7       	in	r18, 0x3b	; 59
 75a:	35 96       	adiw	r30, 0x05	; 5
 75c:	81 e0       	ldi	r24, 0x01	; 1
 75e:	90 e0       	ldi	r25, 0x00	; 0
 760:	01 c0       	rjmp	.+2      	; 0x764 <enablePinChangeInterruptHelper(unsigned char, unsigned char, unsigned char)+0x26>
 762:	88 0f       	add	r24, r24
 764:	ea 95       	dec	r30
 766:	ea f7       	brpl	.-6      	; 0x762 <enablePinChangeInterruptHelper(unsigned char, unsigned char, unsigned char)+0x24>
 768:	82 2b       	or	r24, r18
 76a:	8b bf       	out	0x3b, r24	; 59
 76c:	08 95       	ret

0000076e <analogRead>:
analogRead():
C:\Users\wesley.furuya\AppData\Local\Arduino15\packages\ATTinyCore\hardware\avr\1.2.3\cores\tiny/wiring_analog.c:72
  #ifndef ADCSRA
  return digitalRead(analogInputToDigitalPin(pin)) ? 1023 : 0; //No ADC, so read as a digital pin instead.
  #endif
  
  #if defined(ADMUX)
  ADMUX = ((analog_reference & ADMUX_REFS_MASK) << REFS0) | ((pin & ADMUX_MUX_MASK) << MUX0); //select the channel and reference
 76e:	8f 70       	andi	r24, 0x0F	; 15
 770:	90 91 9a 00 	lds	r25, 0x009A	; 0x80009a <analog_reference>
 774:	92 95       	swap	r25
 776:	99 0f       	add	r25, r25
 778:	99 0f       	add	r25, r25
 77a:	90 7c       	andi	r25, 0xC0	; 192
 77c:	89 2b       	or	r24, r25
 77e:	87 b9       	out	0x07, r24	; 7
C:\Users\wesley.furuya\AppData\Local\Arduino15\packages\ATTinyCore\hardware\avr\1.2.3\cores\tiny/wiring_analog.c:74
  #if defined(REFS2)
  ADMUX |= (((analog_reference & 0x04) >> 2) << REFS2); //some have an extra reference bit in a weird position.
 780:	87 b1       	in	r24, 0x07	; 7
 782:	90 91 9a 00 	lds	r25, 0x009A	; 0x80009a <analog_reference>
 786:	92 fb       	bst	r25, 2
 788:	22 27       	eor	r18, r18
 78a:	20 f9       	bld	r18, 0
 78c:	30 e0       	ldi	r19, 0x00	; 0
 78e:	94 e0       	ldi	r25, 0x04	; 4
 790:	22 0f       	add	r18, r18
 792:	33 1f       	adc	r19, r19
 794:	9a 95       	dec	r25
 796:	e1 f7       	brne	.-8      	; 0x790 <analogRead+0x22>
 798:	28 2b       	or	r18, r24
 79a:	27 b9       	out	0x07, r18	; 7
C:\Users\wesley.furuya\AppData\Local\Arduino15\packages\ATTinyCore\hardware\avr\1.2.3\cores\tiny/wiring_analog.c:79
  #endif
  #endif
  
  #if defined(HAVE_ADC) && HAVE_ADC
  sbi(ADCSRA, ADSC); //Start conversion
 79c:	36 9a       	sbi	0x06, 6	; 6
C:\Users\wesley.furuya\AppData\Local\Arduino15\packages\ATTinyCore\hardware\avr\1.2.3\cores\tiny/wiring_analog.c:81 (discriminator 1)

  while(ADCSRA & (1<<ADSC)); //Wait for conversion to complete.
 79e:	36 99       	sbic	0x06, 6	; 6
 7a0:	fe cf       	rjmp	.-4      	; 0x79e <analogRead+0x30>
C:\Users\wesley.furuya\AppData\Local\Arduino15\packages\ATTinyCore\hardware\avr\1.2.3\cores\tiny/wiring_analog.c:83

  uint8_t low = ADCL;
 7a2:	84 b1       	in	r24, 0x04	; 4
C:\Users\wesley.furuya\AppData\Local\Arduino15\packages\ATTinyCore\hardware\avr\1.2.3\cores\tiny/wiring_analog.c:84
  uint8_t high = ADCH;
 7a4:	25 b1       	in	r18, 0x05	; 5
C:\Users\wesley.furuya\AppData\Local\Arduino15\packages\ATTinyCore\hardware\avr\1.2.3\cores\tiny/wiring_analog.c:85
  return (high << 8) | low;
 7a6:	90 e0       	ldi	r25, 0x00	; 0
C:\Users\wesley.furuya\AppData\Local\Arduino15\packages\ATTinyCore\hardware\avr\1.2.3\cores\tiny/wiring_analog.c:89
  #else
  return LOW;
  #endif
}
 7a8:	92 2b       	or	r25, r18
 7aa:	08 95       	ret

000007ac <turnOffPWM>:
turnOffPWM():
C:\Users\wesley.furuya\AppData\Local\Arduino15\packages\ATTinyCore\hardware\avr\1.2.3\cores\tiny/wiring_digital.c:163
		uint8_t oldSREG = SREG;
    cli();
		*out |= bit;
		SREG = oldSREG;
	}
}
 7ac:	81 30       	cpi	r24, 0x01	; 1
 7ae:	31 f4       	brne	.+12     	; 0x7bc <turnOffPWM+0x10>
 7b0:	8a b5       	in	r24, 0x2a	; 42
 7b2:	8f 77       	andi	r24, 0x7F	; 127
 7b4:	8a bd       	out	0x2a, r24	; 42
 7b6:	8a b5       	in	r24, 0x2a	; 42
 7b8:	8f 7b       	andi	r24, 0xBF	; 191
 7ba:	07 c0       	rjmp	.+14     	; 0x7ca <turnOffPWM+0x1e>
 7bc:	82 30       	cpi	r24, 0x02	; 2
 7be:	39 f4       	brne	.+14     	; 0x7ce <turnOffPWM+0x22>
 7c0:	8a b5       	in	r24, 0x2a	; 42
 7c2:	8f 7d       	andi	r24, 0xDF	; 223
 7c4:	8a bd       	out	0x2a, r24	; 42
 7c6:	8a b5       	in	r24, 0x2a	; 42
 7c8:	8f 7e       	andi	r24, 0xEF	; 239
 7ca:	8a bd       	out	0x2a, r24	; 42
 7cc:	08 95       	ret
 7ce:	83 30       	cpi	r24, 0x03	; 3
 7d0:	39 f4       	brne	.+14     	; 0x7e0 <turnOffPWM+0x34>
 7d2:	80 b7       	in	r24, 0x30	; 48
 7d4:	8f 7d       	andi	r24, 0xDF	; 223
 7d6:	80 bf       	out	0x30, r24	; 48
 7d8:	80 b7       	in	r24, 0x30	; 48
 7da:	8f 7e       	andi	r24, 0xEF	; 239
 7dc:	80 bf       	out	0x30, r24	; 48
 7de:	08 95       	ret
 7e0:	84 30       	cpi	r24, 0x04	; 4
 7e2:	31 f4       	brne	.+12     	; 0x7f0 <turnOffPWM+0x44>
 7e4:	8c b5       	in	r24, 0x2c	; 44
 7e6:	8f 7d       	andi	r24, 0xDF	; 223
 7e8:	8c bd       	out	0x2c, r24	; 44
 7ea:	8c b5       	in	r24, 0x2c	; 44
 7ec:	8f 7e       	andi	r24, 0xEF	; 239
 7ee:	8c bd       	out	0x2c, r24	; 44
 7f0:	08 95       	ret

000007f2 <pinMode>:
pinMode():
 7f2:	cf 93       	push	r28
 7f4:	df 93       	push	r29
 7f6:	87 ff       	sbrs	r24, 7
 7f8:	11 c0       	rjmp	.+34     	; 0x81c <pinMode+0x2a>
 7fa:	8f 77       	andi	r24, 0x7F	; 127
 7fc:	41 f0       	breq	.+16     	; 0x80e <pinMode+0x1c>
 7fe:	81 30       	cpi	r24, 0x01	; 1
 800:	41 f0       	breq	.+16     	; 0x812 <pinMode+0x20>
 802:	82 30       	cpi	r24, 0x02	; 2
 804:	41 f0       	breq	.+16     	; 0x816 <pinMode+0x24>
 806:	83 30       	cpi	r24, 0x03	; 3
 808:	41 f0       	breq	.+16     	; 0x81a <pinMode+0x28>
 80a:	8f ef       	ldi	r24, 0xFF	; 255
 80c:	07 c0       	rjmp	.+14     	; 0x81c <pinMode+0x2a>
 80e:	85 e0       	ldi	r24, 0x05	; 5
 810:	05 c0       	rjmp	.+10     	; 0x81c <pinMode+0x2a>
 812:	82 e0       	ldi	r24, 0x02	; 2
 814:	03 c0       	rjmp	.+6      	; 0x81c <pinMode+0x2a>
 816:	84 e0       	ldi	r24, 0x04	; 4
 818:	01 c0       	rjmp	.+2      	; 0x81c <pinMode+0x2a>
 81a:	83 e0       	ldi	r24, 0x03	; 3
 81c:	90 e0       	ldi	r25, 0x00	; 0
 81e:	fc 01       	movw	r30, r24
 820:	ec 5d       	subi	r30, 0xDC	; 220
 822:	ff 4f       	sbci	r31, 0xFF	; 255
 824:	24 91       	lpm	r18, Z
 826:	fc 01       	movw	r30, r24
 828:	e6 5d       	subi	r30, 0xD6	; 214
 82a:	ff 4f       	sbci	r31, 0xFF	; 255
 82c:	84 91       	lpm	r24, Z
 82e:	88 23       	and	r24, r24
 830:	61 f1       	breq	.+88     	; 0x88a <pinMode+0x98>
 832:	90 e0       	ldi	r25, 0x00	; 0
 834:	88 0f       	add	r24, r24
 836:	99 1f       	adc	r25, r25
 838:	fc 01       	movw	r30, r24
 83a:	e4 5c       	subi	r30, 0xC4	; 196
 83c:	ff 4f       	sbci	r31, 0xFF	; 255
 83e:	c5 91       	lpm	r28, Z+
 840:	d4 91       	lpm	r29, Z
 842:	fc 01       	movw	r30, r24
 844:	ea 5c       	subi	r30, 0xCA	; 202
 846:	ff 4f       	sbci	r31, 0xFF	; 255
 848:	a5 91       	lpm	r26, Z+
 84a:	b4 91       	lpm	r27, Z
 84c:	61 11       	cpse	r22, r1
 84e:	09 c0       	rjmp	.+18     	; 0x862 <pinMode+0x70>
 850:	9f b7       	in	r25, 0x3f	; 63
 852:	f8 94       	cli
 854:	88 81       	ld	r24, Y
 856:	20 95       	com	r18
 858:	82 23       	and	r24, r18
 85a:	88 83       	st	Y, r24
 85c:	ec 91       	ld	r30, X
 85e:	2e 23       	and	r18, r30
 860:	0b c0       	rjmp	.+22     	; 0x878 <pinMode+0x86>
 862:	62 30       	cpi	r22, 0x02	; 2
 864:	61 f4       	brne	.+24     	; 0x87e <pinMode+0x8c>
 866:	9f b7       	in	r25, 0x3f	; 63
 868:	f8 94       	cli
 86a:	38 81       	ld	r19, Y
 86c:	82 2f       	mov	r24, r18
 86e:	80 95       	com	r24
 870:	83 23       	and	r24, r19
 872:	88 83       	st	Y, r24
 874:	ec 91       	ld	r30, X
 876:	2e 2b       	or	r18, r30
 878:	2c 93       	st	X, r18
 87a:	9f bf       	out	0x3f, r25	; 63
 87c:	06 c0       	rjmp	.+12     	; 0x88a <pinMode+0x98>
 87e:	8f b7       	in	r24, 0x3f	; 63
 880:	f8 94       	cli
 882:	e8 81       	ld	r30, Y
 884:	2e 2b       	or	r18, r30
 886:	28 83       	st	Y, r18
 888:	8f bf       	out	0x3f, r24	; 63
 88a:	df 91       	pop	r29
 88c:	cf 91       	pop	r28
 88e:	08 95       	ret

00000890 <digitalRead>:
digitalRead():
C:\Users\wesley.furuya\AppData\Local\Arduino15\packages\ATTinyCore\hardware\avr\1.2.3\cores\tiny/wiring_digital.c:166

int digitalRead(uint8_t pin)
{
 890:	cf 93       	push	r28
 892:	df 93       	push	r29
C:\Users\wesley.furuya\AppData\Local\Arduino15\packages\ATTinyCore\hardware\avr\1.2.3\cores\tiny/wiring_digital.c:167
	if (pin&128) {pin=analogInputToDigitalPin((pin&127));}
 894:	87 ff       	sbrs	r24, 7
 896:	11 c0       	rjmp	.+34     	; 0x8ba <digitalRead+0x2a>
C:\Users\wesley.furuya\AppData\Local\Arduino15\packages\ATTinyCore\hardware\avr\1.2.3\cores\tiny/wiring_digital.c:167 (discriminator 1)
 898:	8f 77       	andi	r24, 0x7F	; 127
 89a:	41 f0       	breq	.+16     	; 0x8ac <digitalRead+0x1c>
C:\Users\wesley.furuya\AppData\Local\Arduino15\packages\ATTinyCore\hardware\avr\1.2.3\cores\tiny/wiring_digital.c:167 (discriminator 2)
 89c:	81 30       	cpi	r24, 0x01	; 1
 89e:	41 f0       	breq	.+16     	; 0x8b0 <digitalRead+0x20>
C:\Users\wesley.furuya\AppData\Local\Arduino15\packages\ATTinyCore\hardware\avr\1.2.3\cores\tiny/wiring_digital.c:167 (discriminator 4)
 8a0:	82 30       	cpi	r24, 0x02	; 2
 8a2:	41 f0       	breq	.+16     	; 0x8b4 <digitalRead+0x24>
C:\Users\wesley.furuya\AppData\Local\Arduino15\packages\ATTinyCore\hardware\avr\1.2.3\cores\tiny/wiring_digital.c:167 (discriminator 6)
 8a4:	83 30       	cpi	r24, 0x03	; 3
 8a6:	41 f0       	breq	.+16     	; 0x8b8 <digitalRead+0x28>
C:\Users\wesley.furuya\AppData\Local\Arduino15\packages\ATTinyCore\hardware\avr\1.2.3\cores\tiny/wiring_digital.c:167
 8a8:	8f ef       	ldi	r24, 0xFF	; 255
 8aa:	07 c0       	rjmp	.+14     	; 0x8ba <digitalRead+0x2a>
 8ac:	85 e0       	ldi	r24, 0x05	; 5
 8ae:	05 c0       	rjmp	.+10     	; 0x8ba <digitalRead+0x2a>
 8b0:	82 e0       	ldi	r24, 0x02	; 2
 8b2:	03 c0       	rjmp	.+6      	; 0x8ba <digitalRead+0x2a>
 8b4:	84 e0       	ldi	r24, 0x04	; 4
 8b6:	01 c0       	rjmp	.+2      	; 0x8ba <digitalRead+0x2a>
 8b8:	83 e0       	ldi	r24, 0x03	; 3
C:\Users\wesley.furuya\AppData\Local\Arduino15\packages\ATTinyCore\hardware\avr\1.2.3\cores\tiny/wiring_digital.c:168
	uint8_t timer = digitalPinToTimer(pin);
 8ba:	28 2f       	mov	r18, r24
 8bc:	30 e0       	ldi	r19, 0x00	; 0
 8be:	f9 01       	movw	r30, r18
 8c0:	e2 5e       	subi	r30, 0xE2	; 226
 8c2:	ff 4f       	sbci	r31, 0xFF	; 255
 8c4:	84 91       	lpm	r24, Z
C:\Users\wesley.furuya\AppData\Local\Arduino15\packages\ATTinyCore\hardware\avr\1.2.3\cores\tiny/wiring_digital.c:169
	uint8_t bit = digitalPinToBitMask(pin);
 8c6:	f9 01       	movw	r30, r18
 8c8:	ec 5d       	subi	r30, 0xDC	; 220
 8ca:	ff 4f       	sbci	r31, 0xFF	; 255
 8cc:	d4 91       	lpm	r29, Z
C:\Users\wesley.furuya\AppData\Local\Arduino15\packages\ATTinyCore\hardware\avr\1.2.3\cores\tiny/wiring_digital.c:170
	uint8_t port = digitalPinToPort(pin);
 8ce:	f9 01       	movw	r30, r18
 8d0:	e6 5d       	subi	r30, 0xD6	; 214
 8d2:	ff 4f       	sbci	r31, 0xFF	; 255
 8d4:	c4 91       	lpm	r28, Z
C:\Users\wesley.furuya\AppData\Local\Arduino15\packages\ATTinyCore\hardware\avr\1.2.3\cores\tiny/wiring_digital.c:172

	if (port == NOT_A_PIN) return LOW;
 8d6:	cc 23       	and	r28, r28
 8d8:	89 f0       	breq	.+34     	; 0x8fc <digitalRead+0x6c>
C:\Users\wesley.furuya\AppData\Local\Arduino15\packages\ATTinyCore\hardware\avr\1.2.3\cores\tiny/wiring_digital.c:176

	// If the pin that support PWM output, we need to turn it off
	// before getting a digital reading.
	if (timer != NOT_ON_TIMER) turnOffPWM(timer);
 8da:	81 11       	cpse	r24, r1
C:\Users\wesley.furuya\AppData\Local\Arduino15\packages\ATTinyCore\hardware\avr\1.2.3\cores\tiny/wiring_digital.c:176 (discriminator 1)
 8dc:	67 df       	rcall	.-306    	; 0x7ac <turnOffPWM>
C:\Users\wesley.furuya\AppData\Local\Arduino15\packages\ATTinyCore\hardware\avr\1.2.3\cores\tiny/wiring_digital.c:178

	if (*portInputRegister(port) & bit) return HIGH;
 8de:	ec 2f       	mov	r30, r28
 8e0:	f0 e0       	ldi	r31, 0x00	; 0
 8e2:	ee 0f       	add	r30, r30
 8e4:	ff 1f       	adc	r31, r31
 8e6:	e0 5d       	subi	r30, 0xD0	; 208
 8e8:	ff 4f       	sbci	r31, 0xFF	; 255
 8ea:	a5 91       	lpm	r26, Z+
 8ec:	b4 91       	lpm	r27, Z
 8ee:	ec 91       	ld	r30, X
 8f0:	ed 23       	and	r30, r29
 8f2:	81 e0       	ldi	r24, 0x01	; 1
 8f4:	90 e0       	ldi	r25, 0x00	; 0
 8f6:	21 f4       	brne	.+8      	; 0x900 <digitalRead+0x70>
 8f8:	80 e0       	ldi	r24, 0x00	; 0
 8fa:	02 c0       	rjmp	.+4      	; 0x900 <digitalRead+0x70>
C:\Users\wesley.furuya\AppData\Local\Arduino15\packages\ATTinyCore\hardware\avr\1.2.3\cores\tiny/wiring_digital.c:172
	if (pin&128) {pin=analogInputToDigitalPin((pin&127));}
	uint8_t timer = digitalPinToTimer(pin);
	uint8_t bit = digitalPinToBitMask(pin);
	uint8_t port = digitalPinToPort(pin);

	if (port == NOT_A_PIN) return LOW;
 8fc:	80 e0       	ldi	r24, 0x00	; 0
 8fe:	90 e0       	ldi	r25, 0x00	; 0
C:\Users\wesley.furuya\AppData\Local\Arduino15\packages\ATTinyCore\hardware\avr\1.2.3\cores\tiny/wiring_digital.c:180
	// before getting a digital reading.
	if (timer != NOT_ON_TIMER) turnOffPWM(timer);

	if (*portInputRegister(port) & bit) return HIGH;
	return LOW;
}
 900:	df 91       	pop	r29
 902:	cf 91       	pop	r28
 904:	08 95       	ret

00000906 <main>:
main():
C:\Users\wesley.furuya\AppData\Local\Arduino15\packages\ATTinyCore\hardware\avr\1.2.3\cores\tiny/main.cpp:6
#include <Arduino.h>

int main(void)
{
	#ifdef TUNED_OSCCAL_VALUE
	OSCCAL = TUNED_OSCCAL_VALUE; //set the oscillator calibration value based on the pins_arduino.h file. If this is not set, it will be optimised away
 906:	81 b7       	in	r24, 0x31	; 49
 908:	81 bf       	out	0x31, r24	; 49
C:\Users\wesley.furuya\AppData\Local\Arduino15\packages\ATTinyCore\hardware\avr\1.2.3\cores\tiny/main.cpp:8
    #endif
    init();
 90a:	5c d0       	rcall	.+184    	; 0x9c4 <init>
C:\Users\wesley.furuya\AppData\Local\Arduino15\packages\ATTinyCore\hardware\avr\1.2.3\cores\tiny/main.cpp:10

	setup();
 90c:	8f dc       	rcall	.-1762   	; 0x22c <setup>
C:\Users\wesley.furuya\AppData\Local\Arduino15\packages\ATTinyCore\hardware\avr\1.2.3\cores\tiny/main.cpp:13 (discriminator 1)
    
	for (;;)
		loop();
 90e:	bd db       	rcall	.-2182   	; 0x8a <loop>
C:\Users\wesley.furuya\AppData\Local\Arduino15\packages\ATTinyCore\hardware\avr\1.2.3\cores\tiny/main.cpp:3 (discriminator 1)
#include <Arduino.h>

int main(void)
 910:	fe cf       	rjmp	.-4      	; 0x90e <main+0x8>

00000912 <initToneTimerInternal>:
initToneTimerInternal():
C:\Users\wesley.furuya\AppData\Local\Arduino15\packages\ATTinyCore\hardware\avr\1.2.3\cores\tiny/wiring.c:590
PLLCSR |= PCKE;
}
#endif
  #if INITIALIZE_SECONDARY_TIMERS
  // Prepare the timer for PWM
    initToneTimerInternal();
 912:	80 b7       	in	r24, 0x30	; 48
 914:	80 7f       	andi	r24, 0xF0	; 240
 916:	80 bf       	out	0x30, r24	; 48
 918:	80 b7       	in	r24, 0x30	; 48
 91a:	80 68       	ori	r24, 0x80	; 128
 91c:	80 bf       	out	0x30, r24	; 48
 91e:	8c b5       	in	r24, 0x2c	; 44
 920:	80 64       	ori	r24, 0x40	; 64
 922:	8c bd       	out	0x2c, r24	; 44
 924:	8f ef       	ldi	r24, 0xFF	; 255
 926:	8d bd       	out	0x2d, r24	; 45
 928:	80 b7       	in	r24, 0x30	; 48
 92a:	87 60       	ori	r24, 0x07	; 7
 92c:	80 bf       	out	0x30, r24	; 48
 92e:	08 95       	ret

00000930 <__vector_5>:
__vector_5():
 930:	1f 92       	push	r1
 932:	0f 92       	push	r0
 934:	0f b6       	in	r0, 0x3f	; 63
 936:	0f 92       	push	r0
 938:	11 24       	eor	r1, r1
 93a:	2f 93       	push	r18
 93c:	3f 93       	push	r19
 93e:	8f 93       	push	r24
 940:	9f 93       	push	r25
 942:	af 93       	push	r26
 944:	bf 93       	push	r27
 946:	80 91 9c 00 	lds	r24, 0x009C	; 0x80009c <millis_timer_millis>
 94a:	90 91 9d 00 	lds	r25, 0x009D	; 0x80009d <millis_timer_millis+0x1>
 94e:	a0 91 9e 00 	lds	r26, 0x009E	; 0x80009e <millis_timer_millis+0x2>
 952:	b0 91 9f 00 	lds	r27, 0x009F	; 0x80009f <millis_timer_millis+0x3>
 956:	30 91 9b 00 	lds	r19, 0x009B	; 0x80009b <millis_timer_fract>
 95a:	26 e0       	ldi	r18, 0x06	; 6
 95c:	23 0f       	add	r18, r19
 95e:	2d 37       	cpi	r18, 0x7D	; 125
 960:	30 f0       	brcs	.+12     	; 0x96e <__vector_5+0x3e>
 962:	29 e8       	ldi	r18, 0x89	; 137
 964:	23 0f       	add	r18, r19
 966:	03 96       	adiw	r24, 0x03	; 3
 968:	a1 1d       	adc	r26, r1
 96a:	b1 1d       	adc	r27, r1
 96c:	03 c0       	rjmp	.+6      	; 0x974 <__vector_5+0x44>
 96e:	02 96       	adiw	r24, 0x02	; 2
 970:	a1 1d       	adc	r26, r1
 972:	b1 1d       	adc	r27, r1
 974:	20 93 9b 00 	sts	0x009B, r18	; 0x80009b <millis_timer_fract>
 978:	80 93 9c 00 	sts	0x009C, r24	; 0x80009c <millis_timer_millis>
 97c:	90 93 9d 00 	sts	0x009D, r25	; 0x80009d <millis_timer_millis+0x1>
 980:	a0 93 9e 00 	sts	0x009E, r26	; 0x80009e <millis_timer_millis+0x2>
 984:	b0 93 9f 00 	sts	0x009F, r27	; 0x80009f <millis_timer_millis+0x3>
 988:	80 91 a0 00 	lds	r24, 0x00A0	; 0x8000a0 <millis_timer_overflow_count>
 98c:	90 91 a1 00 	lds	r25, 0x00A1	; 0x8000a1 <millis_timer_overflow_count+0x1>
 990:	a0 91 a2 00 	lds	r26, 0x00A2	; 0x8000a2 <millis_timer_overflow_count+0x2>
 994:	b0 91 a3 00 	lds	r27, 0x00A3	; 0x8000a3 <millis_timer_overflow_count+0x3>
 998:	01 96       	adiw	r24, 0x01	; 1
 99a:	a1 1d       	adc	r26, r1
 99c:	b1 1d       	adc	r27, r1
 99e:	80 93 a0 00 	sts	0x00A0, r24	; 0x8000a0 <millis_timer_overflow_count>
 9a2:	90 93 a1 00 	sts	0x00A1, r25	; 0x8000a1 <millis_timer_overflow_count+0x1>
 9a6:	a0 93 a2 00 	sts	0x00A2, r26	; 0x8000a2 <millis_timer_overflow_count+0x2>
 9aa:	b0 93 a3 00 	sts	0x00A3, r27	; 0x8000a3 <millis_timer_overflow_count+0x3>
 9ae:	bf 91       	pop	r27
 9b0:	af 91       	pop	r26
 9b2:	9f 91       	pop	r25
 9b4:	8f 91       	pop	r24
 9b6:	3f 91       	pop	r19
 9b8:	2f 91       	pop	r18
 9ba:	0f 90       	pop	r0
 9bc:	0f be       	out	0x3f, r0	; 63
 9be:	0f 90       	pop	r0
 9c0:	1f 90       	pop	r1
 9c2:	18 95       	reti

000009c4 <init>:
init():
C:\Users\wesley.furuya\AppData\Local\Arduino15\packages\ATTinyCore\hardware\avr\1.2.3\cores\tiny/wiring.c:753
  #endif
  #endif

  // Use the Millis Timer for fast PWM (unless it doesn't have an output).
  #if (TIMER_TO_USE_FOR_MILLIS == 0) && defined(WGM01)
  sbi(TCCR0A, WGM01);
 9c4:	8a b5       	in	r24, 0x2a	; 42
 9c6:	82 60       	ori	r24, 0x02	; 2
 9c8:	8a bd       	out	0x2a, r24	; 42
C:\Users\wesley.furuya\AppData\Local\Arduino15\packages\ATTinyCore\hardware\avr\1.2.3\cores\tiny/wiring.c:754
  sbi(TCCR0A, WGM00);
 9ca:	8a b5       	in	r24, 0x2a	; 42
 9cc:	81 60       	ori	r24, 0x01	; 1
 9ce:	8a bd       	out	0x2a, r24	; 42
C:\Users\wesley.furuya\AppData\Local\Arduino15\packages\ATTinyCore\hardware\avr\1.2.3\cores\tiny/wiring.c:777
  #endif
  
  // Millis timer is always processor clock divided by MillisTimer_Prescale_Value (64)
  #if (TIMER_TO_USE_FOR_MILLIS == 0)
   #ifdef TCCR0B
    TCCR0B = (TCCR0B & ~((1<<CS02)|(1<<CS01)|(1<<CS00))) | (MillisTimer_Prescale_Index << CS00);
 9d0:	83 b7       	in	r24, 0x33	; 51
 9d2:	88 7f       	andi	r24, 0xF8	; 248
 9d4:	83 60       	ori	r24, 0x03	; 3
 9d6:	83 bf       	out	0x33, r24	; 51
C:\Users\wesley.furuya\AppData\Local\Arduino15\packages\ATTinyCore\hardware\avr\1.2.3\cores\tiny/wiring.c:789
  TCCR1B = (TCCR1B & ~((1<<CS13)|(1<<CS12)|(1<<CS11)|(1<<CS10))) | (MillisTimer_Prescale_Index << CS10);
  #elif (TIMER_TO_USE_FOR_MILLIS == 1)
  TCCR1B = (TCCR1B & ~((1<<CS12)|(1<<CS11)|(1<<CS10))) | (MillisTimer_Prescale_Index << CS10);
  #endif
  // this needs to be called before setup() or some functions won't work there
  sei();
 9d8:	78 94       	sei
C:\Users\wesley.furuya\AppData\Local\Arduino15\packages\ATTinyCore\hardware\avr\1.2.3\cores\tiny/wiring.c:793
  
  // Enable the overlow interrupt (this is the basic system tic-toc for millis)
  #if defined(TIMSK) && defined(TOIE0) && (TIMER_TO_USE_FOR_MILLIS == 0)
  sbi(TIMSK, TOIE0);
 9da:	89 b7       	in	r24, 0x39	; 57
 9dc:	82 60       	ori	r24, 0x02	; 2
 9de:	89 bf       	out	0x39, r24	; 57
C:\Users\wesley.furuya\AppData\Local\Arduino15\packages\ATTinyCore\hardware\avr\1.2.3\cores\tiny/wiring.c:806
  #error Millis() Timer overflow interrupt not set correctly
  #endif
  
  // Initialize the timer used for Tone
  #if INITIALIZE_SECONDARY_TIMERS
    initToneTimerInternal();
 9e0:	98 df       	rcall	.-208    	; 0x912 <initToneTimerInternal>
C:\Users\wesley.furuya\AppData\Local\Arduino15\packages\ATTinyCore\hardware\avr\1.2.3\cores\tiny/wiring.c:813

  // Initialize the ADC
  #if defined( INITIALIZE_ANALOG_TO_DIGITAL_CONVERTER ) && INITIALIZE_ANALOG_TO_DIGITAL_CONVERTER
  #if defined(ADCSRA)
    // set a2d prescale factor
	ADCSRA = (ADCSRA & ~((1<<ADPS2)|(1<<ADPS1)|(1<<ADPS0))) | (ADC_ARDUINO_PRESCALER << ADPS0) | (1<<ADEN);
 9e2:	86 b1       	in	r24, 0x06	; 6
 9e4:	88 77       	andi	r24, 0x78	; 120
 9e6:	86 68       	ori	r24, 0x86	; 134
 9e8:	86 b9       	out	0x06, r24	; 6
C:\Users\wesley.furuya\AppData\Local\Arduino15\packages\ATTinyCore\hardware\avr\1.2.3\cores\tiny/wiring.c:815
    // enable a2d conversions
    sbi(ADCSRA, ADEN);
 9ea:	37 9a       	sbi	0x06, 7	; 6
 9ec:	08 95       	ret

000009ee <eeprom_read_byte>:
eeprom_read_byte():
 9ee:	e1 99       	sbic	0x1c, 1	; 28
 9f0:	fe cf       	rjmp	.-4      	; 0x9ee <eeprom_read_byte>
 9f2:	9f bb       	out	0x1f, r25	; 31
 9f4:	8e bb       	out	0x1e, r24	; 30
 9f6:	e0 9a       	sbi	0x1c, 0	; 28
 9f8:	99 27       	eor	r25, r25
 9fa:	8d b3       	in	r24, 0x1d	; 29
 9fc:	08 95       	ret

000009fe <eeprom_write_byte>:
eeprom_write_byte():
 9fe:	26 2f       	mov	r18, r22

00000a00 <eeprom_write_r18>:
 a00:	e1 99       	sbic	0x1c, 1	; 28
 a02:	fe cf       	rjmp	.-4      	; 0xa00 <eeprom_write_r18>
 a04:	1c ba       	out	0x1c, r1	; 28
 a06:	9f bb       	out	0x1f, r25	; 31
 a08:	8e bb       	out	0x1e, r24	; 30
 a0a:	2d bb       	out	0x1d, r18	; 29
 a0c:	0f b6       	in	r0, 0x3f	; 63
 a0e:	f8 94       	cli
 a10:	e2 9a       	sbi	0x1c, 2	; 28
 a12:	e1 9a       	sbi	0x1c, 1	; 28
 a14:	0f be       	out	0x3f, r0	; 63
 a16:	01 96       	adiw	r24, 0x01	; 1
 a18:	08 95       	ret

00000a1a <_exit>:
exit():
 a1a:	f8 94       	cli

00000a1c <__stop_program>:
__stop_program():
 a1c:	ff cf       	rjmp	.-2      	; 0xa1c <__stop_program>
